state_processing.c:31:13:setLCD	16	static
state_processing.c:43:13:start_penalty	24	static
state_processing.c:55:13:input_clear	4	static
state_processing.c:61:13:input_append	16	static
state_processing.c:72:13:verify_password	16	static
state_processing.c:86:6:State_Init	8	static
state_processing.c:105:6:State_Process	24	static
state_processing.c:420:6:State_Event_KeypadChar	16	static
state_processing.c:426:6:State_Event_KeypadChar_Long	16	static
state_processing.c:432:6:State_Event_IndoorButton_Long	4	static
state_processing.c:437:6:State_Event_KeySensor	4	static
state_processing.c:442:6:State_Event_DoorSensor_Open	4	static
state_processing.c:447:6:State_Event_DoorSensor_Close	4	static
state_processing.c:452:6:State_SetPassword	24	static
state_processing.c:463:13:State_GetPassword	4	static
state_processing.c:468:9:State_GetState	4	static
state_processing.c:473:6:State_ForceUnlock	4	static
