state_processing.c:28:13:setLCD	16	static
state_processing.c:41:13:start_penalty	24	static
state_processing.c:54:13:entry_clear	4	static
state_processing.c:61:13:entry_append	16	static
state_processing.c:70:6:State_Event_ReplaceLastChar	40	static
state_processing.c:85:6:State_Init	8	static
state_processing.c:107:13:check_battery	4	static
state_processing.c:118:13:verify_password	16	static
state_processing.c:126:6:State_Process	88	static
state_processing.c:422:6:State_Event_KeypadChar	16	static
state_processing.c:429:6:State_Event_IndoorButton	4	static
state_processing.c:438:6:State_Event_KeySensor	8	static
state_processing.c:447:6:State_Event_DoorSensor_Open	8	static
state_processing.c:456:6:State_Event_DoorSensor_Close	8	static
state_processing.c:466:6:State_SetPassword	24	static
state_processing.c:476:13:State_GetPassword	4	static
state_processing.c:481:9:State_GetState	4	static
state_processing.c:486:6:State_ForceUnlock	8	static
