Archive member included to satisfy reference by file (symbol)

c:/st/stm32cubeide_1.7.0/stm32cubeide/plugins/com.st.stm32cube.ide.mcu.externaltools.gnu-tools-for-stm32.9-2020-q2-update.win32_2.0.0.202105311346/tools/bin/../lib/gcc/arm-none-eabi/9.3.1/../../../../arm-none-eabi/lib/thumb/v7-m/nofp\libc_nano.a(lib_a-errno.o)
                              ./Core/Src/syscalls.o (__errno)
c:/st/stm32cubeide_1.7.0/stm32cubeide/plugins/com.st.stm32cube.ide.mcu.externaltools.gnu-tools-for-stm32.9-2020-q2-update.win32_2.0.0.202105311346/tools/bin/../lib/gcc/arm-none-eabi/9.3.1/../../../../arm-none-eabi/lib/thumb/v7-m/nofp\libc_nano.a(lib_a-exit.o)
                              c:/st/stm32cubeide_1.7.0/stm32cubeide/plugins/com.st.stm32cube.ide.mcu.externaltools.gnu-tools-for-stm32.9-2020-q2-update.win32_2.0.0.202105311346/tools/bin/../lib/gcc/arm-none-eabi/9.3.1/../../../../arm-none-eabi/lib/thumb/v7-m/nofp/crt0.o (exit)
c:/st/stm32cubeide_1.7.0/stm32cubeide/plugins/com.st.stm32cube.ide.mcu.externaltools.gnu-tools-for-stm32.9-2020-q2-update.win32_2.0.0.202105311346/tools/bin/../lib/gcc/arm-none-eabi/9.3.1/../../../../arm-none-eabi/lib/thumb/v7-m/nofp\libc_nano.a(lib_a-impure.o)
                              c:/st/stm32cubeide_1.7.0/stm32cubeide/plugins/com.st.stm32cube.ide.mcu.externaltools.gnu-tools-for-stm32.9-2020-q2-update.win32_2.0.0.202105311346/tools/bin/../lib/gcc/arm-none-eabi/9.3.1/../../../../arm-none-eabi/lib/thumb/v7-m/nofp\libc_nano.a(lib_a-exit.o) (_global_impure_ptr)
c:/st/stm32cubeide_1.7.0/stm32cubeide/plugins/com.st.stm32cube.ide.mcu.externaltools.gnu-tools-for-stm32.9-2020-q2-update.win32_2.0.0.202105311346/tools/bin/../lib/gcc/arm-none-eabi/9.3.1/../../../../arm-none-eabi/lib/thumb/v7-m/nofp\libc_nano.a(lib_a-init.o)
                              c:/st/stm32cubeide_1.7.0/stm32cubeide/plugins/com.st.stm32cube.ide.mcu.externaltools.gnu-tools-for-stm32.9-2020-q2-update.win32_2.0.0.202105311346/tools/bin/../lib/gcc/arm-none-eabi/9.3.1/../../../../arm-none-eabi/lib/thumb/v7-m/nofp/crt0.o (__libc_init_array)
c:/st/stm32cubeide_1.7.0/stm32cubeide/plugins/com.st.stm32cube.ide.mcu.externaltools.gnu-tools-for-stm32.9-2020-q2-update.win32_2.0.0.202105311346/tools/bin/../lib/gcc/arm-none-eabi/9.3.1/../../../../arm-none-eabi/lib/thumb/v7-m/nofp\libc_nano.a(lib_a-memset.o)
                              c:/st/stm32cubeide_1.7.0/stm32cubeide/plugins/com.st.stm32cube.ide.mcu.externaltools.gnu-tools-for-stm32.9-2020-q2-update.win32_2.0.0.202105311346/tools/bin/../lib/gcc/arm-none-eabi/9.3.1/../../../../arm-none-eabi/lib/thumb/v7-m/nofp/crt0.o (memset)
c:/st/stm32cubeide_1.7.0/stm32cubeide/plugins/com.st.stm32cube.ide.mcu.externaltools.gnu-tools-for-stm32.9-2020-q2-update.win32_2.0.0.202105311346/tools/bin/../lib/gcc/arm-none-eabi/9.3.1/../../../../arm-none-eabi/lib/thumb/v7-m/nofp\libc_nano.a(lib_a-snprintf.o)
                              ./Core/Src/state_processing.o (snprintf)
c:/st/stm32cubeide_1.7.0/stm32cubeide/plugins/com.st.stm32cube.ide.mcu.externaltools.gnu-tools-for-stm32.9-2020-q2-update.win32_2.0.0.202105311346/tools/bin/../lib/gcc/arm-none-eabi/9.3.1/../../../../arm-none-eabi/lib/thumb/v7-m/nofp\libc_nano.a(lib_a-strlen.o)
                              ./Core/Src/state_processing.o (strlen)
c:/st/stm32cubeide_1.7.0/stm32cubeide/plugins/com.st.stm32cube.ide.mcu.externaltools.gnu-tools-for-stm32.9-2020-q2-update.win32_2.0.0.202105311346/tools/bin/../lib/gcc/arm-none-eabi/9.3.1/../../../../arm-none-eabi/lib/thumb/v7-m/nofp\libc_nano.a(lib_a-strncmp.o)
                              ./Core/Src/output_processing.o (strncmp)
c:/st/stm32cubeide_1.7.0/stm32cubeide/plugins/com.st.stm32cube.ide.mcu.externaltools.gnu-tools-for-stm32.9-2020-q2-update.win32_2.0.0.202105311346/tools/bin/../lib/gcc/arm-none-eabi/9.3.1/../../../../arm-none-eabi/lib/thumb/v7-m/nofp\libc_nano.a(lib_a-strncpy.o)
                              ./Core/Src/output_processing.o (strncpy)
c:/st/stm32cubeide_1.7.0/stm32cubeide/plugins/com.st.stm32cube.ide.mcu.externaltools.gnu-tools-for-stm32.9-2020-q2-update.win32_2.0.0.202105311346/tools/bin/../lib/gcc/arm-none-eabi/9.3.1/../../../../arm-none-eabi/lib/thumb/v7-m/nofp\libc_nano.a(lib_a-nano-svfprintf.o)
                              c:/st/stm32cubeide_1.7.0/stm32cubeide/plugins/com.st.stm32cube.ide.mcu.externaltools.gnu-tools-for-stm32.9-2020-q2-update.win32_2.0.0.202105311346/tools/bin/../lib/gcc/arm-none-eabi/9.3.1/../../../../arm-none-eabi/lib/thumb/v7-m/nofp\libc_nano.a(lib_a-snprintf.o) (_svfprintf_r)
c:/st/stm32cubeide_1.7.0/stm32cubeide/plugins/com.st.stm32cube.ide.mcu.externaltools.gnu-tools-for-stm32.9-2020-q2-update.win32_2.0.0.202105311346/tools/bin/../lib/gcc/arm-none-eabi/9.3.1/../../../../arm-none-eabi/lib/thumb/v7-m/nofp\libc_nano.a(lib_a-nano-vfprintf_i.o)
[...]
Memory Configuration

Name             Origin             Length             Attributes
RAM              0x0000000020000000 0x0000000000005000 xrw
FLASH            0x0000000008000000 0x0000000000010000 xr
*default*        0x0000000000000000 0xffffffffffffffff

Linker script and memory map

LOAD c:/st/stm32cubeide_1.7.0/stm32cubeide/plugins/com.st.stm32cube.ide.mcu.externaltools.gnu-tools-for-stm32.9-2020-q2-update.win32_2.0.0.202105311346/tools/bin/../lib/gcc/arm-none-eabi/9.3.1/thumb/v7-m/nofp/crti.o
LOAD c:/st/stm32cubeide_1.7.0/stm32cubeide/plugins/com.st.stm32cube.ide.mcu.externaltools.gnu-tools-for-stm32.9-2020-q2-update.win32_2.0.0.202105311346/tools/bin/../lib/gcc/arm-none-eabi/9.3.1/thumb/v7-m/nofp/crtbegin.o
LOAD c:/st/stm32cubeide_1.7.0/stm32cubeide/plugins/com.st.stm32cube.ide.mcu.externaltools.gnu-tools-for-stm32.9-2020-q2-update.win32_2.0.0.202105311346/tools/bin/../lib/gcc/arm-none-eabi/9.3.1/../../../../arm-none-eabi/lib/thumb/v7-m/nofp/crt0.o
LOAD ./Core/Src/global.o
LOAD ./Core/Src/i2c_lcd.o
LOAD ./Core/Src/input_processing.o
LOAD ./Core/Src/keypad.o
LOAD ./Core/Src/kmp.o
LOAD ./Core/Src/main.o
LOAD ./Core/Src/output_processing.o
LOAD ./Core/Src/scheduler.o
LOAD ./Core/Src/state_processing.o
LOAD ./Core/Src/stm32f1xx_hal_msp.o
LOAD ./Core/Src/stm32f1xx_it.o
LOAD ./Core/Src/syscalls.o
LOAD ./Core/Src/sysmem.o
LOAD ./Core/Src/system_stm32f1xx.o
LOAD ./Core/Src/timer.o
LOAD ./Core/Startup/startup_stm32f103c8tx.o
LOAD ./Drivers/STM32F1xx_HAL_Driver/Src/stm32f1xx_hal.o
LOAD ./Drivers/STM32F1xx_HAL_Driver/Src/stm32f1xx_hal_adc.o
LOAD ./Drivers/STM32F1xx_HAL_Driver/Src/stm32f1xx_hal_adc_ex.o
LOAD ./Drivers/STM32F1xx_HAL_Driver/Src/stm32f1xx_hal_cortex.o
LOAD ./Drivers/STM32F1xx_HAL_Driver/Src/stm32f1xx_hal_dma.o
LOAD ./Drivers/STM32F1xx_HAL_Driver/Src/stm32f1xx_hal_exti.o
LOAD ./Drivers/STM32F1xx_HAL_Driver/Src/stm32f1xx_hal_flash.o
LOAD ./Drivers/STM32F1xx_HAL_Driver/Src/stm32f1xx_hal_flash_ex.o
LOAD ./Drivers/STM32F1xx_HAL_Driver/Src/stm32f1xx_hal_gpio.o
LOAD ./Drivers/STM32F1xx_HAL_Driver/Src/stm32f1xx_hal_gpio_ex.o
LOAD ./Drivers/STM32F1xx_HAL_Driver/Src/stm32f1xx_hal_i2c.o
LOAD ./Drivers/STM32F1xx_HAL_Driver/Src/stm32f1xx_hal_pwr.o
LOAD ./Drivers/STM32F1xx_HAL_Driver/Src/stm32f1xx_hal_rcc.o
LOAD ./Drivers/STM32F1xx_HAL_Driver/Src/stm32f1xx_hal_rcc_ex.o
LOAD ./Drivers/STM32F1xx_HAL_Driver/Src/stm32f1xx_hal_tim.o
LOAD ./Drivers/STM32F1xx_HAL_Driver/Src/stm32f1xx_hal_tim_ex.o
START GROUP
LOAD c:/st/stm32cubeide_1.7.0/stm32cubeide/plugins/com.st.stm32cube.ide.mcu.externaltools.gnu-tools-for-stm32.9-2020-q2-update.win32_2.0.0.202105311346/tools/bin/../lib/gcc/arm-none-eabi/9.3.1/../../../../arm-none-eabi/lib/thumb/v7-m/nofp\libc_nano.a
LOAD c:/st/stm32cubeide_1.7.0/stm32cubeide/plugins/com.st.stm32cube.ide.mcu.externaltools.gnu-tools-for-stm32.9-2020-q2-update.win32_2.0.0.202105311346/tools/bin/../lib/gcc/arm-none-eabi/9.3.1/../../../../arm-none-eabi/lib/thumb/v7-m/nofp\libm.a
END GROUP
START GROUP
LOAD c:/st/stm32cubeide_1.7.0/stm32cubeide/plugins/com.st.stm32cube.ide.mcu.externaltools.gnu-tools-for-stm32.9-2020-q2-update.win32_2.0.0.202105311346/tools/bin/../lib/gcc/arm-none-eabi/9.3.1/thumb/v7-m/nofp\libgcc.a
LOAD c:/st/stm32cubeide_1.7.0/stm32cubeide/plugins/com.st.stm32cube.ide.mcu.externaltools.gnu-tools-for-stm32.9-2020-q2-update.win32_2.0.0.202105311346/tools/bin/../lib/gcc/arm-none-eabi/9.3.1/../../../../arm-none-eabi/lib/thumb/v7-m/nofp\libc_nano.a
END GROUP
START GROUP
LOAD c:/st/stm32cubeide_1.7.0/stm32cubeide/plugins/com.st.stm32cube.ide.mcu.externaltools.gnu-tools-for-stm32.9-2020-q2-update.win32_2.0.0.202105311346/tools/bin/../lib/gcc/arm-none-eabi/9.3.1/thumb/v7-m/nofp\libgcc.a
LOAD c:/st/stm32cubeide_1.7.0/stm32cubeide/plugins/com.st.stm32cube.ide.mcu.externaltools.gnu-tools-for-stm32.9-2020-q2-update.win32_2.0.0.202105311346/tools/bin/../lib/gcc/arm-none-eabi/9.3.1/../../../../arm-none-eabi/lib/thumb/v7-m/nofp\libc_nano.a
LOAD c:/st/stm32cubeide_1.7.0/stm32cubeide/plugins/com.st.stm32cube.ide.mcu.externaltools.gnu-tools-for-stm32.9-2020-q2-update.win32_2.0.0.202105311346/tools/bin/../lib/gcc/arm-none-eabi/9.3.1/../../../../arm-none-eabi/lib/thumb/v7-m/nofp\libnosys.a
END GROUP
START GROUP
LOAD c:/st/stm32cubeide_1.7.0/stm32cubeide/plugins/com.st.stm32cube.ide.mcu.externaltools.gnu-tools-for-stm32.9-2020-q2-update.win32_2.0.0.202105311346/tools/bin/../lib/gcc/arm-none-eabi/9.3.1/thumb/v7-m/nofp\libgcc.a
LOAD c:/st/stm32cubeide_1.7.0/stm32cubeide/plugins/com.st.stm32cube.ide.mcu.externaltools.gnu-tools-for-stm32.9-2020-q2-update.win32_2.0.0.202105311346/tools/bin/../lib/gcc/arm-none-eabi/9.3.1/../../../../arm-none-eabi/lib/thumb/v7-m/nofp\libc_nano.a
LOAD c:/st/stm32cubeide_1.7.0/stm32cubeide/plugins/com.st.stm32cube.ide.mcu.externaltools.gnu-tools-for-stm32.9-2020-q2-update.win32_2.0.0.202105311346/tools/bin/../lib/gcc/arm-none-eabi/9.3.1/../../../../arm-none-eabi/lib/thumb/v7-m/nofp\libnosys.a
END GROUP
LOAD c:/st/stm32cubeide_1.7.0/stm32cubeide/plugins/com.st.stm32cube.ide.mcu.externaltools.gnu-tools-for-stm32.9-2020-q2-update.win32_2.0.0.202105311346/tools/bin/../lib/gcc/arm-none-eabi/9.3.1/thumb/v7-m/nofp/crtend.o
LOAD c:/st/stm32cubeide_1.7.0/stm32cubeide/plugins/com.st.stm32cube.ide.mcu.externaltools.gnu-tools-for-stm32.9-2020-q2-update.win32_2.0.0.202105311346/tools/bin/../lib/gcc/arm-none-eabi/9.3.1/thumb/v7-m/nofp/crtn.o
                0x0000000020005000                _estack = (ORIGIN (RAM) + LENGTH (RAM))
                0x0000000000000200                _Min_Heap_Size = 0x200
                0x0000000000000400                _Min_Stack_Size = 0x400

.isr_vector     0x0000000008000000      0x10c
                0x0000000008000000                . = ALIGN (0x4)
 *(.isr_vector)
 .isr_vector    0x0000000008000000      0x10c ./Core/Startup/startup_stm32f103c8tx.o
                0x0000000008000000                g_pfnVectors
                0x000000000800010c                . = ALIGN (0x4)

.text           0x000000000800010c     0x6874
                0x000000000800010c                . = ALIGN (0x4)
 *(.text)
 .text          0x000000000800010c       0x40 c:/st/stm32cubeide_1.7.0/stm32cubeide/plugins/com.st.stm32cube.ide.mcu.externaltools.gnu-tools-for-stm32.9-2020-q2-update.win32_2.0.0.202105311346/tools/bin/../lib/gcc/arm-none-eabi/9.3.1/thumb/v7-m/nofp/crtbegin.o
 *(.text*)
 .text.init_global_variables
                0x000000000800014c      0x108 ./Core/Src/global.o
                0x000000000800014c                init_global_variables
 .text.lcd_send_cmd
                0x0000000008000254       0x62 ./Core/Src/i2c_lcd.o
                0x0000000008000254                lcd_send_cmd
 .text.lcd_send_data
                0x00000000080002b6       0x62 ./Core/Src/i2c_lcd.o
                0x00000000080002b6                lcd_send_data
 .text.lcd_gotoxy
                0x0000000008000318       0x64 ./Core/Src/i2c_lcd.o
                0x0000000008000318                lcd_gotoxy
 .text.lcd_init
                0x000000000800037c       0x8e ./Core/Src/i2c_lcd.o
                0x000000000800037c                lcd_init
 .text.lcd_puts
                0x000000000800040a       0x2e ./Core/Src/i2c_lcd.o
                0x000000000800040a                lcd_puts
 .text.Input_Init
                0x0000000008000438       0xa4 ./Core/Src/input_processing.o
                0x0000000008000438                Input_Init
 .text.Input_Process
                0x00000000080004dc       0xa0 ./Core/Src/input_processing.o
                0x00000000080004dc                Input_Process
 .text.KeyIndex
                0x000000000800057c       0x2a ./Core/Src/keypad.o
 *fill*         0x00000000080005a6        0x2 
 .text.Keypad_Init
                0x00000000080005a8       0xa4 ./Core/Src/keypad.o
                0x00000000080005a8                Keypad_Init
 .text.Keypad_Scan
                0x000000000800064c      0x280 ./Core/Src/keypad.o
                0x000000000800064c                Keypad_Scan
 .text.Keypad_GetChar
                0x00000000080008cc       0x2c ./Core/Src/keypad.o
                0x00000000080008cc                Keypad_GetChar
 .text.KMP_BuildLPS
                0x00000000080008f8       0x86 ./Core/Src/kmp.o
                0x00000000080008f8                KMP_BuildLPS
 .text.KMP_FindPassword
                0x000000000800097e       0xa6 ./Core/Src/kmp.o
                0x000000000800097e                KMP_FindPassword
 .text.Keypad_Scan_wrapper
                0x0000000008000a24       0x14 ./Core/Src/main.o
                0x0000000008000a24                Keypad_Scan_wrapper
 .text.main     0x0000000008000a38       0xcc ./Core/Src/main.o
                0x0000000008000a38                main
 .text.SystemClock_Config
                0x0000000008000b04       0xa0 ./Core/Src/main.o
                0x0000000008000b04                SystemClock_Config
 .text.MX_ADC1_Init
                0x0000000008000ba4       0x7c ./Core/Src/main.o
 .text.MX_I2C1_Init
                0x0000000008000c20       0x5c ./Core/Src/main.o
 .text.MX_TIM2_Init
                0x0000000008000c7c       0x98 ./Core/Src/main.o
 .text.MX_GPIO_Init
                0x0000000008000d14       0xf4 ./Core/Src/main.o
 .text.Error_Handler
                0x0000000008000e08        0xa ./Core/Src/main.o
                0x0000000008000e08                Error_Handler
 *fill*         0x0000000008000e12        0x2 
 .text.Output_Init
                0x0000000008000e14       0x88 ./Core/Src/output_processing.o
                0x0000000008000e14                Output_Init
 .text.apply_leds
                0x0000000008000e9c       0x40 ./Core/Src/output_processing.o
 .text.apply_solenoid
                0x0000000008000edc       0x30 ./Core/Src/output_processing.o
 .text.apply_buzzer
                0x0000000008000f0c       0x30 ./Core/Src/output_processing.o
 .text.apply_lcd
                0x0000000008000f3c       0x9c ./Core/Src/output_processing.o
 .text.Output_Process
                0x0000000008000fd8       0x18 ./Core/Src/output_processing.o
                0x0000000008000fd8                Output_Process
 .text.SCH_Init
                0x0000000008000ff0       0x3c ./Core/Src/scheduler.o
                0x0000000008000ff0                SCH_Init
 .text.SCH_Add_Task
                0x000000000800102c      0x14c ./Core/Src/scheduler.o
                0x000000000800102c                SCH_Add_Task
 .text.SCH_Dispatch_Tasks
                0x0000000008001178       0x64 ./Core/Src/scheduler.o
                0x0000000008001178                SCH_Dispatch_Tasks
 .text.SCH_Delete_Task
                0x00000000080011dc       0xd8 ./Core/Src/scheduler.o
                0x00000000080011dc                SCH_Delete_Task
 .text.setLCD   0x00000000080012b4       0x4c ./Core/Src/state_processing.o
 .text.start_penalty
                0x0000000008001300       0x68 ./Core/Src/state_processing.o
 .text.entry_clear
                0x0000000008001368       0x20 ./Core/Src/state_processing.o
 .text.entry_append
                0x0000000008001388       0x44 ./Core/Src/state_processing.o
 .text.State_Init
                0x00000000080013cc       0x74 ./Core/Src/state_processing.o
                0x00000000080013cc                State_Init
 .text.check_battery
                0x0000000008001440       0x28 ./Core/Src/state_processing.o
 .text.verify_password
                0x0000000008001468       0x40 ./Core/Src/state_processing.o
 .text.State_Process
                0x00000000080014a8      0x6cc ./Core/Src/state_processing.o
                0x00000000080014a8                State_Process
 .text.HAL_MspInit
                0x0000000008001b74       0x64 ./Core/Src/stm32f1xx_hal_msp.o
                0x0000000008001b74                HAL_MspInit
 .text.HAL_ADC_MspInit
                0x0000000008001bd8       0x88 ./Core/Src/stm32f1xx_hal_msp.o
                0x0000000008001bd8                HAL_ADC_MspInit
 .text.HAL_I2C_MspInit
                0x0000000008001c60       0x9c ./Core/Src/stm32f1xx_hal_msp.o
                0x0000000008001c60                HAL_I2C_MspInit
 .text.HAL_TIM_Base_MspInit
                0x0000000008001cfc       0x48 ./Core/Src/stm32f1xx_hal_msp.o
                0x0000000008001cfc                HAL_TIM_Base_MspInit
 .text.NMI_Handler
                0x0000000008001d44        0x6 ./Core/Src/stm32f1xx_it.o
                0x0000000008001d44                NMI_Handler
 .text.HardFault_Handler
                0x0000000008001d4a        0x6 ./Core/Src/stm32f1xx_it.o
                0x0000000008001d4a                HardFault_Handler
 .text.MemManage_Handler
                0x0000000008001d50        0x6 ./Core/Src/stm32f1xx_it.o
                0x0000000008001d50                MemManage_Handler
 .text.BusFault_Handler
                0x0000000008001d56        0x6 ./Core/Src/stm32f1xx_it.o
                0x0000000008001d56                BusFault_Handler
 .text.UsageFault_Handler
                0x0000000008001d5c        0x6 ./Core/Src/stm32f1xx_it.o
                0x0000000008001d5c                UsageFault_Handler
 .text.SVC_Handler
                0x0000000008001d62        0xc ./Core/Src/stm32f1xx_it.o
                0x0000000008001d62                SVC_Handler
 .text.DebugMon_Handler
                0x0000000008001d6e        0xc ./Core/Src/stm32f1xx_it.o
                0x0000000008001d6e                DebugMon_Handler
 .text.PendSV_Handler
                0x0000000008001d7a        0xc ./Core/Src/stm32f1xx_it.o
                0x0000000008001d7a                PendSV_Handler
 .text.SysTick_Handler
                0x0000000008001d86        0xc ./Core/Src/stm32f1xx_it.o
                0x0000000008001d86                SysTick_Handler
 *fill*         0x0000000008001d92        0x2 
 .text.ADC1_2_IRQHandler
                0x0000000008001d94       0x14 ./Core/Src/stm32f1xx_it.o
                0x0000000008001d94                ADC1_2_IRQHandler
 .text.TIM2_IRQHandler
                0x0000000008001da8       0x14 ./Core/Src/stm32f1xx_it.o
                0x0000000008001da8                TIM2_IRQHandler
 .text.I2C1_EV_IRQHandler
                0x0000000008001dbc       0x14 ./Core/Src/stm32f1xx_it.o
                0x0000000008001dbc                I2C1_EV_IRQHandler
 .text.I2C1_ER_IRQHandler
                0x0000000008001dd0       0x14 ./Core/Src/stm32f1xx_it.o
                0x0000000008001dd0                I2C1_ER_IRQHandler
 .text._sbrk    0x0000000008001de4       0x6c ./Core/Src/sysmem.o
                0x0000000008001de4                _sbrk
 .text.SystemInit
                0x0000000008001e50        0xc ./Core/Src/system_stm32f1xx.o
                0x0000000008001e50                SystemInit
 .text.Reset_Handler
                0x0000000008001e5c       0x48 ./Core/Startup/startup_stm32f103c8tx.o
                0x0000000008001e5c                Reset_Handler
 .text.Default_Handler
                0x0000000008001ea4        0x2 ./Core/Startup/startup_stm32f103c8tx.o
                0x0000000008001ea4                RTC_Alarm_IRQHandler
                0x0000000008001ea4                EXTI2_IRQHandler
                0x0000000008001ea4                TIM1_CC_IRQHandler
                0x0000000008001ea4                PVD_IRQHandler
                0x0000000008001ea4                EXTI3_IRQHandler
                0x0000000008001ea4                EXTI0_IRQHandler
                0x0000000008001ea4                I2C2_EV_IRQHandler
                0x0000000008001ea4                SPI1_IRQHandler
                0x0000000008001ea4                TAMPER_IRQHandler
                0x0000000008001ea4                DMA1_Channel4_IRQHandler
                0x0000000008001ea4                USART3_IRQHandler
                0x0000000008001ea4                RTC_IRQHandler
                0x0000000008001ea4                DMA1_Channel7_IRQHandler
                0x0000000008001ea4                CAN1_RX1_IRQHandler
                0x0000000008001ea4                TIM4_IRQHandler
                0x0000000008001ea4                DMA1_Channel6_IRQHandler
                0x0000000008001ea4                TIM3_IRQHandler
                0x0000000008001ea4                RCC_IRQHandler
                0x0000000008001ea4                TIM1_TRG_COM_IRQHandler
                0x0000000008001ea4                DMA1_Channel1_IRQHandler
                0x0000000008001ea4                Default_Handler
                0x0000000008001ea4                EXTI15_10_IRQHandler
                0x0000000008001ea4                EXTI9_5_IRQHandler
                0x0000000008001ea4                SPI2_IRQHandler
                0x0000000008001ea4                DMA1_Channel5_IRQHandler
                0x0000000008001ea4                EXTI4_IRQHandler
                0x0000000008001ea4                USB_LP_CAN1_RX0_IRQHandler
                0x0000000008001ea4                USB_HP_CAN1_TX_IRQHandler
                0x0000000008001ea4                DMA1_Channel3_IRQHandler
                0x0000000008001ea4                TIM1_UP_IRQHandler
                0x0000000008001ea4                WWDG_IRQHandler
                0x0000000008001ea4                TIM1_BRK_IRQHandler
                0x0000000008001ea4                EXTI1_IRQHandler
                0x0000000008001ea4                USART2_IRQHandler
                0x0000000008001ea4                I2C2_ER_IRQHandler
                0x0000000008001ea4                DMA1_Channel2_IRQHandler
                0x0000000008001ea4                CAN1_SCE_IRQHandler
                0x0000000008001ea4                FLASH_IRQHandler
                0x0000000008001ea4                USART1_IRQHandler
                0x0000000008001ea4                USBWakeUp_IRQHandler
 *fill*         0x0000000008001ea6        0x2 
 .text.HAL_Init
                0x0000000008001ea8       0x2c ./Drivers/STM32F1xx_HAL_Driver/Src/stm32f1xx_hal.o
                0x0000000008001ea8                HAL_Init
 .text.HAL_InitTick
                0x0000000008001ed4       0x60 ./Drivers/STM32F1xx_HAL_Driver/Src/stm32f1xx_hal.o
                0x0000000008001ed4                HAL_InitTick
 .text.HAL_IncTick
                0x0000000008001f34       0x24 ./Drivers/STM32F1xx_HAL_Driver/Src/stm32f1xx_hal.o
                0x0000000008001f34                HAL_IncTick
 .text.HAL_GetTick
                0x0000000008001f58       0x14 ./Drivers/STM32F1xx_HAL_Driver/Src/stm32f1xx_hal.o
                0x0000000008001f58                HAL_GetTick
 .text.HAL_Delay
                0x0000000008001f6c       0x48 ./Drivers/STM32F1xx_HAL_Driver/Src/stm32f1xx_hal.o
                0x0000000008001f6c                HAL_Delay
 .text.HAL_ADC_Init
                0x0000000008001fb4      0x1b0 ./Drivers/STM32F1xx_HAL_Driver/Src/stm32f1xx_hal_adc.o
                0x0000000008001fb4                HAL_ADC_Init
 .text.HAL_ADC_IRQHandler
                0x0000000008002164      0x17e ./Drivers/STM32F1xx_HAL_Driver/Src/stm32f1xx_hal_adc.o
                0x0000000008002164                HAL_ADC_IRQHandler
 .text.HAL_ADC_ConvCpltCallback
                0x00000000080022e2       0x12 ./Drivers/STM32F1xx_HAL_Driver/Src/stm32f1xx_hal_adc.o
                0x00000000080022e2                HAL_ADC_ConvCpltCallback
 .text.HAL_ADC_LevelOutOfWindowCallback
                0x00000000080022f4       0x12 ./Drivers/STM32F1xx_HAL_Driver/Src/stm32f1xx_hal_adc.o
                0x00000000080022f4                HAL_ADC_LevelOutOfWindowCallback
 *fill*         0x0000000008002306        0x2 
 .text.HAL_ADC_ConfigChannel
                0x0000000008002308      0x1f0 ./Drivers/STM32F1xx_HAL_Driver/Src/stm32f1xx_hal_adc.o
                0x0000000008002308                HAL_ADC_ConfigChannel
 .text.ADC_ConversionStop_Disable
                0x00000000080024f8       0x82 ./Drivers/STM32F1xx_HAL_Driver/Src/stm32f1xx_hal_adc.o
                0x00000000080024f8                ADC_ConversionStop_Disable
 .text.HAL_ADCEx_InjectedConvCpltCallback
                0x000000000800257a       0x12 ./Drivers/STM32F1xx_HAL_Driver/Src/stm32f1xx_hal_adc_ex.o
                0x000000000800257a                HAL_ADCEx_InjectedConvCpltCallback
 .text.__NVIC_SetPriorityGrouping
                0x000000000800258c       0x48 ./Drivers/STM32F1xx_HAL_Driver/Src/stm32f1xx_hal_cortex.o
 .text.__NVIC_GetPriorityGrouping
                0x00000000080025d4       0x1c ./Drivers/STM32F1xx_HAL_Driver/Src/stm32f1xx_hal_cortex.o
 .text.__NVIC_EnableIRQ
                0x00000000080025f0       0x38 ./Drivers/STM32F1xx_HAL_Driver/Src/stm32f1xx_hal_cortex.o
 .text.__NVIC_SetPriority
                0x0000000008002628       0x54 ./Drivers/STM32F1xx_HAL_Driver/Src/stm32f1xx_hal_cortex.o
 .text.NVIC_EncodePriority
                0x000000000800267c       0x64 ./Drivers/STM32F1xx_HAL_Driver/Src/stm32f1xx_hal_cortex.o
 .text.SysTick_Config
                0x00000000080026e0       0x44 ./Drivers/STM32F1xx_HAL_Driver/Src/stm32f1xx_hal_cortex.o
 .text.HAL_NVIC_SetPriorityGrouping
                0x0000000008002724       0x16 ./Drivers/STM32F1xx_HAL_Driver/Src/stm32f1xx_hal_cortex.o
                0x0000000008002724                HAL_NVIC_SetPriorityGrouping
 .text.HAL_NVIC_SetPriority
                0x000000000800273a       0x38 ./Drivers/STM32F1xx_HAL_Driver/Src/stm32f1xx_hal_cortex.o
                0x000000000800273a                HAL_NVIC_SetPriority
 .text.HAL_NVIC_EnableIRQ
                0x0000000008002772       0x1c ./Drivers/STM32F1xx_HAL_Driver/Src/stm32f1xx_hal_cortex.o
                0x0000000008002772                HAL_NVIC_EnableIRQ
 .text.HAL_SYSTICK_Config
                0x000000000800278e       0x18 ./Drivers/STM32F1xx_HAL_Driver/Src/stm32f1xx_hal_cortex.o
                0x000000000800278e                HAL_SYSTICK_Config
 *fill*         0x00000000080027a6        0x2 
 .text.HAL_DMA_Abort_IT
                0x00000000080027a8       0xf0 ./Drivers/STM32F1xx_HAL_Driver/Src/stm32f1xx_hal_dma.o
                0x00000000080027a8                HAL_DMA_Abort_IT
 .text.HAL_DMA_GetState
                0x0000000008002898       0x1a ./Drivers/STM32F1xx_HAL_Driver/Src/stm32f1xx_hal_dma.o
                0x0000000008002898                HAL_DMA_GetState
 *fill*         0x00000000080028b2        0x2 
 .text.HAL_GPIO_Init
                0x00000000080028b4      0x308 ./Drivers/STM32F1xx_HAL_Driver/Src/stm32f1xx_hal_gpio.o
                0x00000000080028b4                HAL_GPIO_Init
 .text.HAL_GPIO_ReadPin
                0x0000000008002bbc       0x2e ./Drivers/STM32F1xx_HAL_Driver/Src/stm32f1xx_hal_gpio.o
                0x0000000008002bbc                HAL_GPIO_ReadPin
 .text.HAL_GPIO_WritePin
                0x0000000008002bea       0x30 ./Drivers/STM32F1xx_HAL_Driver/Src/stm32f1xx_hal_gpio.o
                0x0000000008002bea                HAL_GPIO_WritePin
 *fill*         0x0000000008002c1a        0x2 
 .text.HAL_I2C_Init
                0x0000000008002c1c      0x288 ./Drivers/STM32F1xx_HAL_Driver/Src/stm32f1xx_hal_i2c.o
                0x0000000008002c1c                HAL_I2C_Init
 .text.I2C_Flush_DR
                0x0000000008002ea4       0x28 ./Drivers/STM32F1xx_HAL_Driver/Src/stm32f1xx_hal_i2c.o
 .text.HAL_I2C_Master_Transmit
                0x0000000008002ecc      0x1fc ./Drivers/STM32F1xx_HAL_Driver/Src/stm32f1xx_hal_i2c.o
                0x0000000008002ecc                HAL_I2C_Master_Transmit
 .text.HAL_I2C_EV_IRQHandler
                0x00000000080030c8      0x2e2 ./Drivers/STM32F1xx_HAL_Driver/Src/stm32f1xx_hal_i2c.o
                0x00000000080030c8                HAL_I2C_EV_IRQHandler
 .text.HAL_I2C_ER_IRQHandler
                0x00000000080033aa      0x15e ./Drivers/STM32F1xx_HAL_Driver/Src/stm32f1xx_hal_i2c.o
                0x00000000080033aa                HAL_I2C_ER_IRQHandler
 .text.HAL_I2C_MasterTxCpltCallback
                0x0000000008003508       0x12 ./Drivers/STM32F1xx_HAL_Driver/Src/stm32f1xx_hal_i2c.o
                0x0000000008003508                HAL_I2C_MasterTxCpltCallback
 .text.HAL_I2C_MasterRxCpltCallback
                0x000000000800351a       0x12 ./Drivers/STM32F1xx_HAL_Driver/Src/stm32f1xx_hal_i2c.o
                0x000000000800351a                HAL_I2C_MasterRxCpltCallback
 .text.HAL_I2C_SlaveTxCpltCallback
                0x000000000800352c       0x12 ./Drivers/STM32F1xx_HAL_Driver/Src/stm32f1xx_hal_i2c.o
                0x000000000800352c                HAL_I2C_SlaveTxCpltCallback
 .text.HAL_I2C_SlaveRxCpltCallback
                0x000000000800353e       0x12 ./Drivers/STM32F1xx_HAL_Driver/Src/stm32f1xx_hal_i2c.o
                0x000000000800353e                HAL_I2C_SlaveRxCpltCallback
 .text.HAL_I2C_AddrCallback
                0x0000000008003550       0x1a ./Drivers/STM32F1xx_HAL_Driver/Src/stm32f1xx_hal_i2c.o
                0x0000000008003550                HAL_I2C_AddrCallback
 .text.HAL_I2C_ListenCpltCallback
                0x000000000800356a       0x12 ./Drivers/STM32F1xx_HAL_Driver/Src/stm32f1xx_hal_i2c.o
                0x000000000800356a                HAL_I2C_ListenCpltCallback
 .text.HAL_I2C_MemTxCpltCallback
                0x000000000800357c       0x12 ./Drivers/STM32F1xx_HAL_Driver/Src/stm32f1xx_hal_i2c.o
                0x000000000800357c                HAL_I2C_MemTxCpltCallback
 .text.HAL_I2C_MemRxCpltCallback
                0x000000000800358e       0x12 ./Drivers/STM32F1xx_HAL_Driver/Src/stm32f1xx_hal_i2c.o
                0x000000000800358e                HAL_I2C_MemRxCpltCallback
 .text.HAL_I2C_ErrorCallback
                0x00000000080035a0       0x12 ./Drivers/STM32F1xx_HAL_Driver/Src/stm32f1xx_hal_i2c.o
                0x00000000080035a0                HAL_I2C_ErrorCallback
 .text.HAL_I2C_AbortCpltCallback
                0x00000000080035b2       0x12 ./Drivers/STM32F1xx_HAL_Driver/Src/stm32f1xx_hal_i2c.o
                0x00000000080035b2                HAL_I2C_AbortCpltCallback
 .text.I2C_MasterTransmit_TXE
                0x00000000080035c4      0x138 ./Drivers/STM32F1xx_HAL_Driver/Src/stm32f1xx_hal_i2c.o
 .text.I2C_MasterTransmit_BTF
                0x00000000080036fc       0xec ./Drivers/STM32F1xx_HAL_Driver/Src/stm32f1xx_hal_i2c.o
 .text.I2C_MemoryTransmit_TXE_BTF
                0x00000000080037e8      0x130 ./Drivers/STM32F1xx_HAL_Driver/Src/stm32f1xx_hal_i2c.o
 .text.I2C_MasterReceive_RXNE
                0x0000000008003918      0x190 ./Drivers/STM32F1xx_HAL_Driver/Src/stm32f1xx_hal_i2c.o
 .text.I2C_MasterReceive_BTF
                0x0000000008003aa8      0x1e2 ./Drivers/STM32F1xx_HAL_Driver/Src/stm32f1xx_hal_i2c.o
 .text.I2C_Master_SB
                0x0000000008003c8a      0x10a ./Drivers/STM32F1xx_HAL_Driver/Src/stm32f1xx_hal_i2c.o
 .text.I2C_Master_ADD10
                0x0000000008003d94       0x52 ./Drivers/STM32F1xx_HAL_Driver/Src/stm32f1xx_hal_i2c.o
 .text.I2C_Master_ADDR
                0x0000000008003de6      0x336 ./Drivers/STM32F1xx_HAL_Driver/Src/stm32f1xx_hal_i2c.o
 .text.I2C_SlaveTransmit_TXE
                0x000000000800411c       0x7a ./Drivers/STM32F1xx_HAL_Driver/Src/stm32f1xx_hal_i2c.o
 .text.I2C_SlaveTransmit_BTF
                0x0000000008004196       0x40 ./Drivers/STM32F1xx_HAL_Driver/Src/stm32f1xx_hal_i2c.o
 .text.I2C_SlaveReceive_RXNE
                0x00000000080041d6       0x7c ./Drivers/STM32F1xx_HAL_Driver/Src/stm32f1xx_hal_i2c.o
 .text.I2C_SlaveReceive_BTF
                0x0000000008004252       0x42 ./Drivers/STM32F1xx_HAL_Driver/Src/stm32f1xx_hal_i2c.o
 .text.I2C_Slave_ADDR
                0x0000000008004294       0x94 ./Drivers/STM32F1xx_HAL_Driver/Src/stm32f1xx_hal_i2c.o
 .text.I2C_Slave_STOPF
                0x0000000008004328      0x260 ./Drivers/STM32F1xx_HAL_Driver/Src/stm32f1xx_hal_i2c.o
 .text.I2C_Slave_AF
                0x0000000008004588       0xe8 ./Drivers/STM32F1xx_HAL_Driver/Src/stm32f1xx_hal_i2c.o
 .text.I2C_ITError
                0x0000000008004670      0x264 ./Drivers/STM32F1xx_HAL_Driver/Src/stm32f1xx_hal_i2c.o
 .text.I2C_MasterRequestWrite
                0x00000000080048d4      0x104 ./Drivers/STM32F1xx_HAL_Driver/Src/stm32f1xx_hal_i2c.o
 .text.I2C_DMAAbort
                0x00000000080049d8      0x150 ./Drivers/STM32F1xx_HAL_Driver/Src/stm32f1xx_hal_i2c.o
 .text.I2C_WaitOnFlagUntilTimeout
                0x0000000008004b28       0xf4 ./Drivers/STM32F1xx_HAL_Driver/Src/stm32f1xx_hal_i2c.o
 .text.I2C_WaitOnMasterAddressFlagUntilTimeout
                0x0000000008004c1c      0x140 ./Drivers/STM32F1xx_HAL_Driver/Src/stm32f1xx_hal_i2c.o
 .text.I2C_WaitOnTXEFlagUntilTimeout
                0x0000000008004d5c       0x90 ./Drivers/STM32F1xx_HAL_Driver/Src/stm32f1xx_hal_i2c.o
 .text.I2C_WaitOnBTFFlagUntilTimeout
                0x0000000008004dec       0x90 ./Drivers/STM32F1xx_HAL_Driver/Src/stm32f1xx_hal_i2c.o
 .text.I2C_WaitOnSTOPRequestThroughIT
                0x0000000008004e7c       0x64 ./Drivers/STM32F1xx_HAL_Driver/Src/stm32f1xx_hal_i2c.o
 .text.I2C_IsAcknowledgeFailed
                0x0000000008004ee0       0x5c ./Drivers/STM32F1xx_HAL_Driver/Src/stm32f1xx_hal_i2c.o
 .text.I2C_ConvertOtherXferOptions
                0x0000000008004f3c       0x34 ./Drivers/STM32F1xx_HAL_Driver/Src/stm32f1xx_hal_i2c.o
 .text.HAL_RCC_OscConfig
                0x0000000008004f70      0x500 ./Drivers/STM32F1xx_HAL_Driver/Src/stm32f1xx_hal_rcc.o
                0x0000000008004f70                HAL_RCC_OscConfig
 .text.HAL_RCC_ClockConfig
                0x0000000008005470      0x1d4 ./Drivers/STM32F1xx_HAL_Driver/Src/stm32f1xx_hal_rcc.o
                0x0000000008005470                HAL_RCC_ClockConfig
 .text.HAL_RCC_GetSysClockFreq
                0x0000000008005644       0xa8 ./Drivers/STM32F1xx_HAL_Driver/Src/stm32f1xx_hal_rcc.o
                0x0000000008005644                HAL_RCC_GetSysClockFreq
 .text.HAL_RCC_GetHCLKFreq
                0x00000000080056ec       0x14 ./Drivers/STM32F1xx_HAL_Driver/Src/stm32f1xx_hal_rcc.o
                0x00000000080056ec                HAL_RCC_GetHCLKFreq
 .text.HAL_RCC_GetPCLK1Freq
                0x0000000008005700       0x28 ./Drivers/STM32F1xx_HAL_Driver/Src/stm32f1xx_hal_rcc.o
                0x0000000008005700                HAL_RCC_GetPCLK1Freq
 .text.RCC_Delay
                0x0000000008005728       0x3c ./Drivers/STM32F1xx_HAL_Driver/Src/stm32f1xx_hal_rcc.o
 .text.HAL_RCCEx_PeriphCLKConfig
                0x0000000008005764      0x16c ./Drivers/STM32F1xx_HAL_Driver/Src/stm32f1xx_hal_rcc_ex.o
                0x0000000008005764                HAL_RCCEx_PeriphCLKConfig
 .text.HAL_TIM_Base_Init
                0x00000000080058d0       0x9e ./Drivers/STM32F1xx_HAL_Driver/Src/stm32f1xx_hal_tim.o
                0x00000000080058d0                HAL_TIM_Base_Init
 .text.HAL_TIM_IRQHandler
                0x000000000800596e      0x1e0 ./Drivers/STM32F1xx_HAL_Driver/Src/stm32f1xx_hal_tim.o
                0x000000000800596e                HAL_TIM_IRQHandler
 .text.HAL_TIM_ConfigClockSource
                0x0000000008005b4e      0x18e ./Drivers/STM32F1xx_HAL_Driver/Src/stm32f1xx_hal_tim.o
                0x0000000008005b4e                HAL_TIM_ConfigClockSource
 .text.HAL_TIM_PeriodElapsedCallback
                0x0000000008005cdc       0x12 ./Drivers/STM32F1xx_HAL_Driver/Src/stm32f1xx_hal_tim.o
                0x0000000008005cdc                HAL_TIM_PeriodElapsedCallback
 .text.HAL_TIM_OC_DelayElapsedCallback
                0x0000000008005cee       0x12 ./Drivers/STM32F1xx_HAL_Driver/Src/stm32f1xx_hal_tim.o
                0x0000000008005cee                HAL_TIM_OC_DelayElapsedCallback
 .text.HAL_TIM_IC_CaptureCallback
                0x0000000008005d00       0x12 ./Drivers/STM32F1xx_HAL_Driver/Src/stm32f1xx_hal_tim.o
                0x0000000008005d00                HAL_TIM_IC_CaptureCallback
 .text.HAL_TIM_PWM_PulseFinishedCallback
                0x0000000008005d12       0x12 ./Drivers/STM32F1xx_HAL_Driver/Src/stm32f1xx_hal_tim.o
                0x0000000008005d12                HAL_TIM_PWM_PulseFinishedCallback
 .text.HAL_TIM_TriggerCallback
                0x0000000008005d24       0x12 ./Drivers/STM32F1xx_HAL_Driver/Src/stm32f1xx_hal_tim.o
                0x0000000008005d24                HAL_TIM_TriggerCallback
 *fill*         0x0000000008005d36        0x2 
 .text.TIM_Base_SetConfig
                0x0000000008005d38       0xdc ./Drivers/STM32F1xx_HAL_Driver/Src/stm32f1xx_hal_tim.o
                0x0000000008005d38                TIM_Base_SetConfig
 .text.TIM_TI1_ConfigInputStage
                0x0000000008005e14       0x5c ./Drivers/STM32F1xx_HAL_Driver/Src/stm32f1xx_hal_tim.o
 .text.TIM_TI2_ConfigInputStage
                0x0000000008005e70       0x5e ./Drivers/STM32F1xx_HAL_Driver/Src/stm32f1xx_hal_tim.o
 .text.TIM_ITRx_SetConfig
                0x0000000008005ece       0x34 ./Drivers/STM32F1xx_HAL_Driver/Src/stm32f1xx_hal_tim.o
 .text.TIM_ETR_SetConfig
                0x0000000008005f02       0x3e ./Drivers/STM32F1xx_HAL_Driver/Src/stm32f1xx_hal_tim.o
                0x0000000008005f02                TIM_ETR_SetConfig
 .text.HAL_TIMEx_MasterConfigSynchronization
                0x0000000008005f40       0xbc ./Drivers/STM32F1xx_HAL_Driver/Src/stm32f1xx_hal_tim_ex.o
                0x0000000008005f40                HAL_TIMEx_MasterConfigSynchronization
 .text.HAL_TIMEx_CommutCallback
                0x0000000008005ffc       0x12 ./Drivers/STM32F1xx_HAL_Driver/Src/stm32f1xx_hal_tim_ex.o
                0x0000000008005ffc                HAL_TIMEx_CommutCallback
 .text.HAL_TIMEx_BreakCallback
                0x000000000800600e       0x12 ./Drivers/STM32F1xx_HAL_Driver/Src/stm32f1xx_hal_tim_ex.o
                0x000000000800600e                HAL_TIMEx_BreakCallback
 .text.__errno  0x0000000008006020        0xc c:/st/stm32cubeide_1.7.0/stm32cubeide/plugins/com.st.stm32cube.ide.mcu.externaltools.gnu-tools-for-stm32.9-2020-q2-update.win32_2.0.0.202105311346/tools/bin/../lib/gcc/arm-none-eabi/9.3.1/../../../../arm-none-eabi/lib/thumb/v7-m/nofp\libc_nano.a(lib_a-errno.o)
                0x0000000008006020                __errno
 .text.__libc_init_array
                0x000000000800602c       0x48 c:/st/stm32cubeide_1.7.0/stm32cubeide/plugins/com.st.stm32cube.ide.mcu.externaltools.gnu-tools-for-stm32.9-2020-q2-update.win32_2.0.0.202105311346/tools/bin/../lib/gcc/arm-none-eabi/9.3.1/../../../../arm-none-eabi/lib/thumb/v7-m/nofp\libc_nano.a(lib_a-init.o)
                0x000000000800602c                __libc_init_array
 .text.memset   0x0000000008006074       0x10 c:/st/stm32cubeide_1.7.0/stm32cubeide/plugins/com.st.stm32cube.ide.mcu.externaltools.gnu-tools-for-stm32.9-2020-q2-update.win32_2.0.0.202105311346/tools/bin/../lib/gcc/arm-none-eabi/9.3.1/../../../../arm-none-eabi/lib/thumb/v7-m/nofp\libc_nano.a(lib_a-memset.o)
                0x0000000008006074                memset
 .text.snprintf
                0x0000000008006084       0x68 c:/st/stm32cubeide_1.7.0/stm32cubeide/plugins/com.st.stm32cube.ide.mcu.externaltools.gnu-tools-for-stm32.9-2020-q2-update.win32_2.0.0.202105311346/tools/bin/../lib/gcc/arm-none-eabi/9.3.1/../../../../arm-none-eabi/lib/thumb/v7-m/nofp\libc_nano.a(lib_a-snprintf.o)
                0x0000000008006084                sniprintf
                0x0000000008006084                snprintf
 .text.strncmp  0x00000000080060ec       0x24 c:/st/stm32cubeide_1.7.0/stm32cubeide/plugins/com.st.stm32cube.ide.mcu.externaltools.gnu-tools-for-stm32.9-2020-q2-update.win32_2.0.0.202105311346/tools/bin/../lib/gcc/arm-none-eabi/9.3.1/../../../../arm-none-eabi/lib/thumb/v7-m/nofp\libc_nano.a(lib_a-strncmp.o)
                0x00000000080060ec                strncmp
 .text.strncpy  0x0000000008006110       0x26 c:/st/stm32cubeide_1.7.0/stm32cubeide/plugins/com.st.stm32cube.ide.mcu.externaltools.gnu-tools-for-stm32.9-2020-q2-update.win32_2.0.0.202105311346/tools/bin/../lib/gcc/arm-none-eabi/9.3.1/../../../../arm-none-eabi/lib/thumb/v7-m/nofp\libc_nano.a(lib_a-strncpy.o)
                0x0000000008006110                strncpy
 .text.__ssputs_r
                0x0000000008006136       0xb6 c:/st/stm32cubeide_1.7.0/stm32cubeide/plugins/com.st.stm32cube.ide.mcu.externaltools.gnu-tools-for-stm32.9-2020-q2-update.win32_2.0.0.202105311346/tools/bin/../lib/gcc/arm-none-eabi/9.3.1/../../../../arm-none-eabi/lib/thumb/v7-m/nofp\libc_nano.a(lib_a-nano-svfprintf.o)
                0x0000000008006136                __ssputs_r
 .text._svfprintf_r
                0x00000000080061ec      0x200 c:/st/stm32cubeide_1.7.0/stm32cubeide/plugins/com.st.stm32cube.ide.mcu.externaltools.gnu-tools-for-stm32.9-2020-q2-update.win32_2.0.0.202105311346/tools/bin/../lib/gcc/arm-none-eabi/9.3.1/../../../../arm-none-eabi/lib/thumb/v7-m/nofp\libc_nano.a(lib_a-nano-svfprintf.o)
                0x00000000080061ec                _svfiprintf_r
                0x00000000080061ec                _svfprintf_r
 .text._printf_common
                0x00000000080063ec       0xde c:/st/stm32cubeide_1.7.0/stm32cubeide/plugins/com.st.stm32cube.ide.mcu.externaltools.gnu-tools-for-stm32.9-2020-q2-update.win32_2.0.0.202105311346/tools/bin/../lib/gcc/arm-none-eabi/9.3.1/../../../../arm-none-eabi/lib/thumb/v7-m/nofp\libc_nano.a(lib_a-nano-vfprintf_i.o)
                0x00000000080063ec                _printf_common
 *fill*         0x00000000080064ca        0x2 
 .text._printf_i
                0x00000000080064cc      0x24c c:/st/stm32cubeide_1.7.0/stm32cubeide/plugins/com.st.stm32cube.ide.mcu.externaltools.gnu-tools-for-stm32.9-2020-q2-update.win32_2.0.0.202105311346/tools/bin/../lib/gcc/arm-none-eabi/9.3.1/../../../../arm-none-eabi/lib/thumb/v7-m/nofp\libc_nano.a(lib_a-nano-vfprintf_i.o)
                0x00000000080064cc                _printf_i
 .text.memchr   0x0000000008006718       0x1c c:/st/stm32cubeide_1.7.0/stm32cubeide/plugins/com.st.stm32cube.ide.mcu.externaltools.gnu-tools-for-stm32.9-2020-q2-update.win32_2.0.0.202105311346/tools/bin/../lib/gcc/arm-none-eabi/9.3.1/../../../../arm-none-eabi/lib/thumb/v7-m/nofp\libc_nano.a(lib_a-memchr-stub.o)
                0x0000000008006718                memchr
 .text.memcpy   0x0000000008006734       0x1c c:/st/stm32cubeide_1.7.0/stm32cubeide/plugins/com.st.stm32cube.ide.mcu.externaltools.gnu-tools-for-stm32.9-2020-q2-update.win32_2.0.0.202105311346/tools/bin/../lib/gcc/arm-none-eabi/9.3.1/../../../../arm-none-eabi/lib/thumb/v7-m/nofp\libc_nano.a(lib_a-memcpy-stub.o)
                0x0000000008006734                memcpy
 .text.memmove  0x0000000008006750       0x34 c:/st/stm32cubeide_1.7.0/stm32cubeide/plugins/com.st.stm32cube.ide.mcu.externaltools.gnu-tools-for-stm32.9-2020-q2-update.win32_2.0.0.202105311346/tools/bin/../lib/gcc/arm-none-eabi/9.3.1/../../../../arm-none-eabi/lib/thumb/v7-m/nofp\libc_nano.a(lib_a-memmove.o)
                0x0000000008006750                memmove
 .text._free_r  0x0000000008006784       0x98 c:/st/stm32cubeide_1.7.0/stm32cubeide/plugins/com.st.stm32cube.ide.mcu.externaltools.gnu-tools-for-stm32.9-2020-q2-update.win32_2.0.0.202105311346/tools/bin/../lib/gcc/arm-none-eabi/9.3.1/../../../../arm-none-eabi/lib/thumb/v7-m/nofp\libc_nano.a(lib_a-nano-freer.o)
                0x0000000008006784                _free_r
 .text._malloc_r
                0x000000000800681c       0xb4 c:/st/stm32cubeide_1.7.0/stm32cubeide/plugins/com.st.stm32cube.ide.mcu.externaltools.gnu-tools-for-stm32.9-2020-q2-update.win32_2.0.0.202105311346/tools/bin/../lib/gcc/arm-none-eabi/9.3.1/../../../../arm-none-eabi/lib/thumb/v7-m/nofp\libc_nano.a(lib_a-nano-mallocr.o)
                0x000000000800681c                _malloc_r
 .text._realloc_r
                0x00000000080068d0       0x4c c:/st/stm32cubeide_1.7.0/stm32cubeide/plugins/com.st.stm32cube.ide.mcu.externaltools.gnu-tools-for-stm32.9-2020-q2-update.win32_2.0.0.202105311346/tools/bin/../lib/gcc/arm-none-eabi/9.3.1/../../../../arm-none-eabi/lib/thumb/v7-m/nofp\libc_nano.a(lib_a-nano-reallocr.o)
                0x00000000080068d0                _realloc_r
 .text._sbrk_r  0x000000000800691c       0x20 c:/st/stm32cubeide_1.7.0/stm32cubeide/plugins/com.st.stm32cube.ide.mcu.externaltools.gnu-tools-for-stm32.9-2020-q2-update.win32_2.0.0.202105311346/tools/bin/../lib/gcc/arm-none-eabi/9.3.1/../../../../arm-none-eabi/lib/thumb/v7-m/nofp\libc_nano.a(lib_a-sbrkr.o)
                0x000000000800691c                _sbrk_r
 .text.__malloc_lock
                0x000000000800693c        0xc c:/st/stm32cubeide_1.7.0/stm32cubeide/plugins/com.st.stm32cube.ide.mcu.externaltools.gnu-tools-for-stm32.9-2020-q2-update.win32_2.0.0.202105311346/tools/bin/../lib/gcc/arm-none-eabi/9.3.1/../../../../arm-none-eabi/lib/thumb/v7-m/nofp\libc_nano.a(lib_a-mlock.o)
                0x000000000800693c                __malloc_lock
 .text.__malloc_unlock
                0x0000000008006948        0xc c:/st/stm32cubeide_1.7.0/stm32cubeide/plugins/com.st.stm32cube.ide.mcu.externaltools.gnu-tools-for-stm32.9-2020-q2-update.win32_2.0.0.202105311346/tools/bin/../lib/gcc/arm-none-eabi/9.3.1/../../../../arm-none-eabi/lib/thumb/v7-m/nofp\libc_nano.a(lib_a-mlock.o)
                0x0000000008006948                __malloc_unlock
 .text._malloc_usable_size_r
                0x0000000008006954       0x10 c:/st/stm32cubeide_1.7.0/stm32cubeide/plugins/com.st.stm32cube.ide.mcu.externaltools.gnu-tools-for-stm32.9-2020-q2-update.win32_2.0.0.202105311346/tools/bin/../lib/gcc/arm-none-eabi/9.3.1/../../../../arm-none-eabi/lib/thumb/v7-m/nofp\libc_nano.a(lib_a-nano-msizer.o)
                0x0000000008006954                _malloc_usable_size_r
 .text.__retarget_lock_acquire_recursive
                0x0000000008006964        0x2 c:/st/stm32cubeide_1.7.0/stm32cubeide/plugins/com.st.stm32cube.ide.mcu.externaltools.gnu-tools-for-stm32.9-2020-q2-update.win32_2.0.0.202105311346/tools/bin/../lib/gcc/arm-none-eabi/9.3.1/../../../../arm-none-eabi/lib/thumb/v7-m/nofp\libc_nano.a(lib_a-lock.o)
                0x0000000008006964                __retarget_lock_acquire_recursive
 .text.__retarget_lock_release_recursive
                0x0000000008006966        0x2 c:/st/stm32cubeide_1.7.0/stm32cubeide/plugins/com.st.stm32cube.ide.mcu.externaltools.gnu-tools-for-stm32.9-2020-q2-update.win32_2.0.0.202105311346/tools/bin/../lib/gcc/arm-none-eabi/9.3.1/../../../../arm-none-eabi/lib/thumb/v7-m/nofp\libc_nano.a(lib_a-lock.o)
                0x0000000008006966                __retarget_lock_release_recursive
 *(.glue_7)
 .glue_7        0x0000000008006968        0x0 linker stubs
 *(.glue_7t)
 .glue_7t       0x0000000008006968        0x0 linker stubs
 *(.eh_frame)
 .eh_frame      0x0000000008006968        0x0 c:/st/stm32cubeide_1.7.0/stm32cubeide/plugins/com.st.stm32cube.ide.mcu.externaltools.gnu-tools-for-stm32.9-2020-q2-update.win32_2.0.0.202105311346/tools/bin/../lib/gcc/arm-none-eabi/9.3.1/thumb/v7-m/nofp/crtbegin.o
 *(.init)
 .init          0x0000000008006968        0x4 c:/st/stm32cubeide_1.7.0/stm32cubeide/plugins/com.st.stm32cube.ide.mcu.externaltools.gnu-tools-for-stm32.9-2020-q2-update.win32_2.0.0.202105311346/tools/bin/../lib/gcc/arm-none-eabi/9.3.1/thumb/v7-m/nofp/crti.o
                0x0000000008006968                _init
 .init          0x000000000800696c        0x8 c:/st/stm32cubeide_1.7.0/stm32cubeide/plugins/com.st.stm32cube.ide.mcu.externaltools.gnu-tools-for-stm32.9-2020-q2-update.win32_2.0.0.202105311346/tools/bin/../lib/gcc/arm-none-eabi/9.3.1/thumb/v7-m/nofp/crtn.o
 *(.fini)
 .fini          0x0000000008006974        0x4 c:/st/stm32cubeide_1.7.0/stm32cubeide/plugins/com.st.stm32cube.ide.mcu.externaltools.gnu-tools-for-stm32.9-2020-q2-update.win32_2.0.0.202105311346/tools/bin/../lib/gcc/arm-none-eabi/9.3.1/thumb/v7-m/nofp/crti.o
                0x0000000008006974                _fini
 .fini          0x0000000008006978        0x8 c:/st/stm32cubeide_1.7.0/stm32cubeide/plugins/com.st.stm32cube.ide.mcu.externaltools.gnu-tools-for-stm32.9-2020-q2-update.win32_2.0.0.202105311346/tools/bin/../lib/gcc/arm-none-eabi/9.3.1/thumb/v7-m/nofp/crtn.o
                0x0000000008006980                . = ALIGN (0x4)
                0x0000000008006980                _etext = .

.vfp11_veneer   0x0000000008006980        0x0
 .vfp11_veneer  0x0000000008006980        0x0 linker stubs

.v4_bx          0x0000000008006980        0x0
 .v4_bx         0x0000000008006980        0x0 linker stubs

.iplt           0x0000000008006980        0x0
 .iplt          0x0000000008006980        0x0 c:/st/stm32cubeide_1.7.0/stm32cubeide/plugins/com.st.stm32cube.ide.mcu.externaltools.gnu-tools-for-stm32.9-2020-q2-update.win32_2.0.0.202105311346/tools/bin/../lib/gcc/arm-none-eabi/9.3.1/thumb/v7-m/nofp/crtbegin.o

.rodata         0x0000000008006980      0x1dc
                0x0000000008006980                . = ALIGN (0x4)
 *(.rodata)
 .rodata        0x0000000008006980      0x151 ./Core/Src/state_processing.o
 *(.rodata*)
 *fill*         0x0000000008006ad1        0x3 
 .rodata.keypad_single_char
                0x0000000008006ad4        0xc ./Core/Src/keypad.o
 .rodata.keypad_double_char
                0x0000000008006ae0        0xc ./Core/Src/keypad.o
 .rodata.penalty_minutes
                0x0000000008006aec       0x10 ./Core/Src/state_processing.o
 .rodata.AHBPrescTable
                0x0000000008006afc       0x10 ./Core/Src/system_stm32f1xx.o
                0x0000000008006afc                AHBPrescTable
 .rodata.APBPrescTable
                0x0000000008006b0c        0x8 ./Core/Src/system_stm32f1xx.o
                0x0000000008006b0c                APBPrescTable
 .rodata.aPLLMULFactorTable.6421
                0x0000000008006b14       0x10 ./Drivers/STM32F1xx_HAL_Driver/Src/stm32f1xx_hal_rcc.o
 .rodata.aPredivFactorTable.6422
                0x0000000008006b24        0x2 ./Drivers/STM32F1xx_HAL_Driver/Src/stm32f1xx_hal_rcc.o
 .rodata._svfprintf_r.str1.1
                0x0000000008006b26       0x11 c:/st/stm32cubeide_1.7.0/stm32cubeide/plugins/com.st.stm32cube.ide.mcu.externaltools.gnu-tools-for-stm32.9-2020-q2-update.win32_2.0.0.202105311346/tools/bin/../lib/gcc/arm-none-eabi/9.3.1/../../../../arm-none-eabi/lib/thumb/v7-m/nofp\libc_nano.a(lib_a-nano-svfprintf.o)
 .rodata._printf_i.str1.1
                0x0000000008006b37       0x22 c:/st/stm32cubeide_1.7.0/stm32cubeide/plugins/com.st.stm32cube.ide.mcu.externaltools.gnu-tools-for-stm32.9-2020-q2-update.win32_2.0.0.202105311346/tools/bin/../lib/gcc/arm-none-eabi/9.3.1/../../../../arm-none-eabi/lib/thumb/v7-m/nofp\libc_nano.a(lib_a-nano-vfprintf_i.o)
                0x0000000008006b5c                . = ALIGN (0x4)
 *fill*         0x0000000008006b59        0x3 

.rel.dyn        0x0000000008006b5c        0x0
 .rel.iplt      0x0000000008006b5c        0x0 c:/st/stm32cubeide_1.7.0/stm32cubeide/plugins/com.st.stm32cube.ide.mcu.externaltools.gnu-tools-for-stm32.9-2020-q2-update.win32_2.0.0.202105311346/tools/bin/../lib/gcc/arm-none-eabi/9.3.1/thumb/v7-m/nofp/crtbegin.o

.ARM.extab      0x0000000008006b5c        0x0
                0x0000000008006b5c                . = ALIGN (0x4)
 *(.ARM.extab* .gnu.linkonce.armextab.*)
                0x0000000008006b5c                . = ALIGN (0x4)

.ARM            0x0000000008006b5c        0x0
                0x0000000008006b5c                . = ALIGN (0x4)
                0x0000000008006b5c                __exidx_start = .
 *(.ARM.exidx*)
                0x0000000008006b5c                __exidx_end = .
                0x0000000008006b5c                . = ALIGN (0x4)

.preinit_array  0x0000000008006b5c        0x0
                0x0000000008006b5c                . = ALIGN (0x4)
                0x0000000008006b5c                PROVIDE (__preinit_array_start = .)
 *(.preinit_array*)
                0x0000000008006b5c                PROVIDE (__preinit_array_end = .)
                0x0000000008006b5c                . = ALIGN (0x4)

.init_array     0x0000000008006b5c        0x4
                0x0000000008006b5c                . = ALIGN (0x4)
                0x0000000008006b5c                PROVIDE (__init_array_start = .)
 *(SORT_BY_NAME(.init_array.*))
 *(.init_array*)
 .init_array    0x0000000008006b5c        0x4 c:/st/stm32cubeide_1.7.0/stm32cubeide/plugins/com.st.stm32cube.ide.mcu.externaltools.gnu-tools-for-stm32.9-2020-q2-update.win32_2.0.0.202105311346/tools/bin/../lib/gcc/arm-none-eabi/9.3.1/thumb/v7-m/nofp/crtbegin.o
                0x0000000008006b60                PROVIDE (__init_array_end = .)
                0x0000000008006b60                . = ALIGN (0x4)

.fini_array     0x0000000008006b60        0x4
                0x0000000008006b60                . = ALIGN (0x4)
                [!provide]                        PROVIDE (__fini_array_start = .)
 *(SORT_BY_NAME(.fini_array.*))
 *(.fini_array*)
 .fini_array    0x0000000008006b60        0x4 c:/st/stm32cubeide_1.7.0/stm32cubeide/plugins/com.st.stm32cube.ide.mcu.externaltools.gnu-tools-for-stm32.9-2020-q2-update.win32_2.0.0.202105311346/tools/bin/../lib/gcc/arm-none-eabi/9.3.1/thumb/v7-m/nofp/crtbegin.o
                [!provide]                        PROVIDE (__fini_array_end = .)
                0x0000000008006b64                . = ALIGN (0x4)
                0x0000000008006b64                _sidata = LOADADDR (.data)

.data           0x0000000020000000       0xb4 load address 0x0000000008006b64
                0x0000000020000000                . = ALIGN (0x4)
                0x0000000020000000                _sdata = .
 *(.data)
 *(.data*)
 .data.gOutputStatus
                0x0000000020000000       0x26 ./Core/Src/global.o
                0x0000000020000000                gOutputStatus
 *fill*         0x0000000020000026        0x2 
 .data.gPassword
                0x0000000020000028       0x15 ./Core/Src/global.o
                0x0000000020000028                gPassword
 .data.prevDoor
                0x000000002000003d        0x1 ./Core/Src/input_processing.o
 .data.prevKeySensor
                0x000000002000003e        0x1 ./Core/Src/input_processing.o
 .data.prevIndoor
                0x000000002000003f        0x1 ./Core/Src/input_processing.o
 .data.active_key
                0x0000000020000040        0x1 ./Core/Src/keypad.o
 *fill*         0x0000000020000041        0x3 
 .data.SystemCoreClock
                0x0000000020000044        0x4 ./Core/Src/system_stm32f1xx.o
                0x0000000020000044                SystemCoreClock
 .data.uwTickPrio
                0x0000000020000048        0x4 ./Drivers/STM32F1xx_HAL_Driver/Src/stm32f1xx_hal.o
                0x0000000020000048                uwTickPrio
 .data.uwTickFreq
                0x000000002000004c        0x1 ./Drivers/STM32F1xx_HAL_Driver/Src/stm32f1xx_hal.o
                0x000000002000004c                uwTickFreq
 *fill*         0x000000002000004d        0x3 
 .data._impure_ptr
                0x0000000020000050        0x4 c:/st/stm32cubeide_1.7.0/stm32cubeide/plugins/com.st.stm32cube.ide.mcu.externaltools.gnu-tools-for-stm32.9-2020-q2-update.win32_2.0.0.202105311346/tools/bin/../lib/gcc/arm-none-eabi/9.3.1/../../../../arm-none-eabi/lib/thumb/v7-m/nofp\libc_nano.a(lib_a-impure.o)
                0x0000000020000050                _impure_ptr
 .data.impure_data
                0x0000000020000054       0x60 c:/st/stm32cubeide_1.7.0/stm32cubeide/plugins/com.st.stm32cube.ide.mcu.externaltools.gnu-tools-for-stm32.9-2020-q2-update.win32_2.0.0.202105311346/tools/bin/../lib/gcc/arm-none-eabi/9.3.1/../../../../arm-none-eabi/lib/thumb/v7-m/nofp\libc_nano.a(lib_a-impure.o)
 *(.RamFunc)
 *(.RamFunc*)
                0x00000000200000b4                . = ALIGN (0x4)
                0x00000000200000b4                _edata = .

.igot.plt       0x00000000200000b4        0x0 load address 0x0000000008006c18
 .igot.plt      0x00000000200000b4        0x0 c:/st/stm32cubeide_1.7.0/stm32cubeide/plugins/com.st.stm32cube.ide.mcu.externaltools.gnu-tools-for-stm32.9-2020-q2-update.win32_2.0.0.202105311346/tools/bin/../lib/gcc/arm-none-eabi/9.3.1/thumb/v7-m/nofp/crtbegin.o
                0x00000000200000b4                . = ALIGN (0x4)

.bss            0x00000000200000b4      0x584 load address 0x0000000008006c18
                0x00000000200000b4                _sbss = .
                0x00000000200000b4                __bss_start__ = _sbss
 *(.bss)
 .bss           0x00000000200000b4       0x1c c:/st/stm32cubeide_1.7.0/stm32cubeide/plugins/com.st.stm32cube.ide.mcu.externaltools.gnu-tools-for-stm32.9-2020-q2-update.win32_2.0.0.202105311346/tools/bin/../lib/gcc/arm-none-eabi/9.3.1/thumb/v7-m/nofp/crtbegin.o
 *(.bss*)
 .bss.keypad_char_ready
                0x00000000200000d0        0x1 ./Core/Src/global.o
                0x00000000200000d0                keypad_char_ready
 .bss.keypad_last_char
                0x00000000200000d1        0x1 ./Core/Src/global.o
                0x00000000200000d1                keypad_last_char
 .bss.keypad_preview_char
                0x00000000200000d2        0x1 ./Core/Src/global.o
                0x00000000200000d2                keypad_preview_char
 *fill*         0x00000000200000d3        0x1 
 .bss.gInputState
                0x00000000200000d4        0x8 ./Core/Src/global.o
                0x00000000200000d4                gInputState
 .bss.gKeyEvent
                0x00000000200000dc        0x2 ./Core/Src/global.o
                0x00000000200000dc                gKeyEvent
 *fill*         0x00000000200000de        0x2 
 .bss.gSystemTimers
                0x00000000200000e0       0x14 ./Core/Src/global.o
                0x00000000200000e0                gSystemTimers
 .bss.gSystemState
                0x00000000200000f4        0x1 ./Core/Src/global.o
                0x00000000200000f4                gSystemState
 *fill*         0x00000000200000f5        0x3 
 .bss.reg0      0x00000000200000f8        0xc ./Core/Src/keypad.o
 .bss.reg1      0x0000000020000104        0xc ./Core/Src/keypad.o
 .bss.reg2      0x0000000020000110        0xc ./Core/Src/keypad.o
 .bss.reg3      0x000000002000011c        0xc ./Core/Src/keypad.o
 .bss.press_count
                0x0000000020000128        0x1 ./Core/Src/keypad.o
 *fill*         0x0000000020000129        0x1 
 .bss.double_timer
                0x000000002000012a        0x2 ./Core/Src/keypad.o
 .bss.preview_char
                0x000000002000012c        0x1 ./Core/Src/keypad.o
 *fill*         0x000000002000012d        0x3 
 .bss.lcd_handle
                0x0000000020000130        0x8 ./Core/Src/output_processing.o
 .bss.plcd      0x0000000020000138        0x4 ./Core/Src/output_processing.o
 .bss.last_line1
                0x000000002000013c       0x11 ./Core/Src/output_processing.o
 *fill*         0x000000002000014d        0x3 
 .bss.last_line2
                0x0000000020000150       0x11 ./Core/Src/output_processing.o
 .bss.SCH_task_count
                0x0000000020000161        0x1 ./Core/Src/scheduler.o
                0x0000000020000161                SCH_task_count
 .bss.Error_code_G
                0x0000000020000162        0x1 ./Core/Src/scheduler.o
                0x0000000020000162                Error_code_G
 *fill*         0x0000000020000163        0x1 
 .bss.entryBuffer
                0x0000000020000164       0x41 ./Core/Src/state_processing.o
 *fill*         0x00000000200001a5        0x1 
 .bss.entryLen  0x00000000200001a6        0x2 ./Core/Src/state_processing.o
 .bss.__sbrk_heap_end
                0x00000000200001a8        0x4 ./Core/Src/sysmem.o
 .bss.__malloc_free_list
                0x00000000200001ac        0x4 c:/st/stm32cubeide_1.7.0/stm32cubeide/plugins/com.st.stm32cube.ide.mcu.externaltools.gnu-tools-for-stm32.9-2020-q2-update.win32_2.0.0.202105311346/tools/bin/../lib/gcc/arm-none-eabi/9.3.1/../../../../arm-none-eabi/lib/thumb/v7-m/nofp\libc_nano.a(lib_a-nano-mallocr.o)
                0x00000000200001ac                __malloc_free_list
 .bss.__malloc_sbrk_start
                0x00000000200001b0        0x4 c:/st/stm32cubeide_1.7.0/stm32cubeide/plugins/com.st.stm32cube.ide.mcu.externaltools.gnu-tools-for-stm32.9-2020-q2-update.win32_2.0.0.202105311346/tools/bin/../lib/gcc/arm-none-eabi/9.3.1/../../../../arm-none-eabi/lib/thumb/v7-m/nofp\libc_nano.a(lib_a-nano-mallocr.o)
                0x00000000200001b0                __malloc_sbrk_start
 *(COMMON)
 COMMON         0x00000000200001b4       0x84 ./Core/Src/global.o
                0x00000000200001b4                lcd1
                0x00000000200001bc                timer_counter
                0x00000000200001e4                hKeypad
                0x0000000020000210                timer_flag
 COMMON         0x0000000020000238       0xcc ./Core/Src/main.o
                0x0000000020000238                hi2c1
                0x000000002000028c                hadc1
                0x00000000200002bc                htim2
 COMMON         0x0000000020000304      0x320 ./Core/Src/scheduler.o
                0x0000000020000304                SCH_tasks_G
 COMMON         0x0000000020000624        0x4 ./Drivers/STM32F1xx_HAL_Driver/Src/stm32f1xx_hal.o
                0x0000000020000624                uwTick
 COMMON         0x0000000020000628        0x4 c:/st/stm32cubeide_1.7.0/stm32cubeide/plugins/com.st.stm32cube.ide.mcu.externaltools.gnu-tools-for-stm32.9-2020-q2-update.win32_2.0.0.202105311346/tools/bin/../lib/gcc/arm-none-eabi/9.3.1/../../../../arm-none-eabi/lib/thumb/v7-m/nofp\libc_nano.a(lib_a-reent.o)
                0x0000000020000628                errno
 COMMON         0x000000002000062c        0x9 c:/st/stm32cubeide_1.7.0/stm32cubeide/plugins/com.st.stm32cube.ide.mcu.externaltools.gnu-tools-for-stm32.9-2020-q2-update.win32_2.0.0.202105311346/tools/bin/../lib/gcc/arm-none-eabi/9.3.1/../../../../arm-none-eabi/lib/thumb/v7-m/nofp\libc_nano.a(lib_a-lock.o)
                0x000000002000062c                __lock___atexit_recursive_mutex
                0x000000002000062d                __lock___arc4random_mutex
                0x000000002000062e                __lock___env_recursive_mutex
                0x000000002000062f                __lock___sinit_recursive_mutex
                0x0000000020000630                __lock___malloc_recursive_mutex
                0x0000000020000631                __lock___at_quick_exit_mutex
                0x0000000020000632                __lock___dd_hash_mutex
                0x0000000020000633                __lock___tz_mutex
                0x0000000020000634                __lock___sfp_recursive_mutex
                0x0000000020000638                . = ALIGN (0x4)
 *fill*         0x0000000020000635        0x3 
                0x0000000020000638                _ebss = .
                0x0000000020000638                __bss_end__ = _ebss

._user_heap_stack
                0x0000000020000638      0x600 load address 0x0000000008006c18
                0x0000000020000638                . = ALIGN (0x8)
                [!provide]                        PROVIDE (end = .)
                0x0000000020000638                PROVIDE (_end = .)
                0x0000000020000838                . = (. + _Min_Heap_Size)
 *fill*         0x0000000020000638      0x200 
                0x0000000020000c38                . = (. + _Min_Stack_Size)
 *fill*         0x0000000020000838      0x400 
                0x0000000020000c38                . = ALIGN (0x8)

/DISCARD/
 libc.a(*)
 libm.a(*)
 libgcc.a(*)

.ARM.attributes
                0x0000000000000000       0x29
 *(.ARM.attributes)
 .ARM.attributes
                0x0000000000000000       0x1d c:/st/stm32cubeide_1.7.0/stm32cubeide/plugins/com.st.stm32cube.ide.mcu.externaltools.gnu-tools-for-stm32.9-2020-q2-update.win32_2.0.0.202105311346/tools/bin/../lib/gcc/arm-none-eabi/9.3.1/thumb/v7-m/nofp/crti.o
 .ARM.attributes
                0x000000000000001d       0x2d c:/st/stm32cubeide_1.7.0/stm32cubeide/plugins/com.st.stm32cube.ide.mcu.externaltools.gnu-tools-for-stm32.9-2020-q2-update.win32_2.0.0.202105311346/tools/bin/../lib/gcc/arm-none-eabi/9.3.1/thumb/v7-m/nofp/crtbegin.o
 .ARM.attributes
                0x000000000000004a       0x2d ./Core/Src/global.o
 .ARM.attributes
                0x0000000000000077       0x2d ./Core/Src/i2c_lcd.o
 .ARM.attributes
                0x00000000000000a4       0x2d ./Core/Src/input_processing.o
 .ARM.attributes
                0x00000000000000d1       0x2d ./Core/Src/keypad.o
 .ARM.attributes
                0x00000000000000fe       0x2d ./Core/Src/kmp.o
 .ARM.attributes
                0x000000000000012b       0x2d ./Core/Src/main.o
 .ARM.attributes
                0x0000000000000158       0x2d ./Core/Src/output_processing.o
 .ARM.attributes
                0x0000000000000185       0x2d ./Core/Src/scheduler.o
 .ARM.attributes
                0x00000000000001b2       0x2d ./Core/Src/state_processing.o
 .ARM.attributes
                0x00000000000001df       0x2d ./Core/Src/stm32f1xx_hal_msp.o
 .ARM.attributes
                0x000000000000020c       0x2d ./Core/Src/stm32f1xx_it.o
 .ARM.attributes
                0x0000000000000239       0x2d ./Core/Src/sysmem.o
 .ARM.attributes
                0x0000000000000266       0x2d ./Core/Src/system_stm32f1xx.o
 .ARM.attributes
                0x0000000000000293       0x21 ./Core/Startup/startup_stm32f103c8tx.o
 .ARM.attributes
                0x00000000000002b4       0x2d ./Drivers/STM32F1xx_HAL_Driver/Src/stm32f1xx_hal.o
 .ARM.attributes
                0x00000000000002e1       0x2d ./Drivers/STM32F1xx_HAL_Driver/Src/stm32f1xx_hal_adc.o
 .ARM.attributes
                0x000000000000030e       0x2d ./Drivers/STM32F1xx_HAL_Driver/Src/stm32f1xx_hal_adc_ex.o
 .ARM.attributes
                0x000000000000033b       0x2d ./Drivers/STM32F1xx_HAL_Driver/Src/stm32f1xx_hal_cortex.o
 .ARM.attributes
                0x0000000000000368       0x2d ./Drivers/STM32F1xx_HAL_Driver/Src/stm32f1xx_hal_dma.o
 .ARM.attributes
                0x0000000000000395       0x2d ./Drivers/STM32F1xx_HAL_Driver/Src/stm32f1xx_hal_gpio.o
 .ARM.attributes
                0x00000000000003c2       0x2d ./Drivers/STM32F1xx_HAL_Driver/Src/stm32f1xx_hal_i2c.o
 .ARM.attributes
                0x00000000000003ef       0x2d ./Drivers/STM32F1xx_HAL_Driver/Src/stm32f1xx_hal_rcc.o
 .ARM.attributes
                0x000000000000041c       0x2d ./Drivers/STM32F1xx_HAL_Driver/Src/stm32f1xx_hal_rcc_ex.o
 .ARM.attributes
                0x0000000000000449       0x2d ./Drivers/STM32F1xx_HAL_Driver/Src/stm32f1xx_hal_tim.o
 .ARM.attributes
                0x0000000000000476       0x2d ./Drivers/STM32F1xx_HAL_Driver/Src/stm32f1xx_hal_tim_ex.o
 .ARM.attributes
                0x00000000000004a3       0x2d c:/st/stm32cubeide_1.7.0/stm32cubeide/plugins/com.st.stm32cube.ide.mcu.externaltools.gnu-tools-for-stm32.9-2020-q2-update.win32_2.0.0.202105311346/tools/bin/../lib/gcc/arm-none-eabi/9.3.1/../../../../arm-none-eabi/lib/thumb/v7-m/nofp\libc_nano.a(lib_a-errno.o)
 .ARM.attributes
                0x00000000000004d0       0x2d c:/st/stm32cubeide_1.7.0/stm32cubeide/plugins/com.st.stm32cube.ide.mcu.externaltools.gnu-tools-for-stm32.9-2020-q2-update.win32_2.0.0.202105311346/tools/bin/../lib/gcc/arm-none-eabi/9.3.1/../../../../arm-none-eabi/lib/thumb/v7-m/nofp\libc_nano.a(lib_a-impure.o)
 .ARM.attributes
                0x00000000000004fd       0x2d c:/st/stm32cubeide_1.7.0/stm32cubeide/plugins/com.st.stm32cube.ide.mcu.externaltools.gnu-tools-for-stm32.9-2020-q2-update.win32_2.0.0.202105311346/tools/bin/../lib/gcc/arm-none-eabi/9.3.1/../../../../arm-none-eabi/lib/thumb/v7-m/nofp\libc_nano.a(lib_a-init.o)
 .ARM.attributes
                0x000000000000052a       0x2d c:/st/stm32cubeide_1.7.0/stm32cubeide/plugins/com.st.stm32cube.ide.mcu.externaltools.gnu-tools-for-stm32.9-2020-q2-update.win32_2.0.0.202105311346/tools/bin/../lib/gcc/arm-none-eabi/9.3.1/../../../../arm-none-eabi/lib/thumb/v7-m/nofp\libc_nano.a(lib_a-memset.o)
 .ARM.attributes
                0x0000000000000557       0x2d c:/st/stm32cubeide_1.7.0/stm32cubeide/plugins/com.st.stm32cube.ide.mcu.externaltools.gnu-tools-for-stm32.9-2020-q2-update.win32_2.0.0.202105311346/tools/bin/../lib/gcc/arm-none-eabi/9.3.1/../../../../arm-none-eabi/lib/thumb/v7-m/nofp\libc_nano.a(lib_a-snprintf.o)
 .ARM.attributes
                0x0000000000000584       0x2d c:/st/stm32cubeide_1.7.0/stm32cubeide/plugins/com.st.stm32cube.ide.mcu.externaltools.gnu-tools-for-stm32.9-2020-q2-update.win32_2.0.0.202105311346/tools/bin/../lib/gcc/arm-none-eabi/9.3.1/../../../../arm-none-eabi/lib/thumb/v7-m/nofp\libc_nano.a(lib_a-strncmp.o)
 .ARM.attributes
                0x00000000000005b1       0x2d c:/st/stm32cubeide_1.7.0/stm32cubeide/plugins/com.st.stm32cube.ide.mcu.externaltools.gnu-tools-for-stm32.9-2020-q2-update.win32_2.0.0.202105311346/tools/bin/../lib/gcc/arm-none-eabi/9.3.1/../../../../arm-none-eabi/lib/thumb/v7-m/nofp\libc_nano.a(lib_a-strncpy.o)
 .ARM.attributes
                0x00000000000005de       0x2d c:/st/stm32cubeide_1.7.0/stm32cubeide/plugins/com.st.stm32cube.ide.mcu.externaltools.gnu-tools-for-stm32.9-2020-q2-update.win32_2.0.0.202105311346/tools/bin/../lib/gcc/arm-none-eabi/9.3.1/../../../../arm-none-eabi/lib/thumb/v7-m/nofp\libc_nano.a(lib_a-nano-svfprintf.o)
 .ARM.attributes
                0x000000000000060b       0x2d c:/st/stm32cubeide_1.7.0/stm32cubeide/plugins/com.st.stm32cube.ide.mcu.externaltools.gnu-tools-for-stm32.9-2020-q2-update.win32_2.0.0.202105311346/tools/bin/../lib/gcc/arm-none-eabi/9.3.1/../../../../arm-none-eabi/lib/thumb/v7-m/nofp\libc_nano.a(lib_a-nano-vfprintf_i.o)
 .ARM.attributes
                0x0000000000000638       0x2d c:/st/stm32cubeide_1.7.0/stm32cubeide/plugins/com.st.stm32cube.ide.mcu.externaltools.gnu-tools-for-stm32.9-2020-q2-update.win32_2.0.0.202105311346/tools/bin/../lib/gcc/arm-none-eabi/9.3.1/../../../../arm-none-eabi/lib/thumb/v7-m/nofp\libc_nano.a(lib_a-memchr-stub.o)
 .ARM.attributes
                0x0000000000000665       0x2d c:/st/stm32cubeide_1.7.0/stm32cubeide/plugins/com.st.stm32cube.ide.mcu.externaltools.gnu-tools-for-stm32.9-2020-q2-update.win32_2.0.0.202105311346/tools/bin/../lib/gcc/arm-none-eabi/9.3.1/../../../../arm-none-eabi/lib/thumb/v7-m/nofp\libc_nano.a(lib_a-memcpy-stub.o)
 .ARM.attributes
                0x0000000000000692       0x2d c:/st/stm32cubeide_1.7.0/stm32cubeide/plugins/com.st.stm32cube.ide.mcu.externaltools.gnu-tools-for-stm32.9-2020-q2-update.win32_2.0.0.202105311346/tools/bin/../lib/gcc/arm-none-eabi/9.3.1/../../../../arm-none-eabi/lib/thumb/v7-m/nofp\libc_nano.a(lib_a-memmove.o)
 .ARM.attributes
                0x00000000000006bf       0x2d c:/st/stm32cubeide_1.7.0/stm32cubeide/plugins/com.st.stm32cube.ide.mcu.externaltools.gnu-tools-for-stm32.9-2020-q2-update.win32_2.0.0.202105311346/tools/bin/../lib/gcc/arm-none-eabi/9.3.1/../../../../arm-none-eabi/lib/thumb/v7-m/nofp\libc_nano.a(lib_a-nano-freer.o)
 .ARM.attributes
                0x00000000000006ec       0x2d c:/st/stm32cubeide_1.7.0/stm32cubeide/plugins/com.st.stm32cube.ide.mcu.externaltools.gnu-tools-for-stm32.9-2020-q2-update.win32_2.0.0.202105311346/tools/bin/../lib/gcc/arm-none-eabi/9.3.1/../../../../arm-none-eabi/lib/thumb/v7-m/nofp\libc_nano.a(lib_a-nano-mallocr.o)
 .ARM.attributes
                0x0000000000000719       0x2d c:/st/stm32cubeide_1.7.0/stm32cubeide/plugins/com.st.stm32cube.ide.mcu.externaltools.gnu-tools-for-stm32.9-2020-q2-update.win32_2.0.0.202105311346/tools/bin/../lib/gcc/arm-none-eabi/9.3.1/../../../../arm-none-eabi/lib/thumb/v7-m/nofp\libc_nano.a(lib_a-nano-reallocr.o)
 .ARM.attributes
                0x0000000000000746       0x2d c:/st/stm32cubeide_1.7.0/stm32cubeide/plugins/com.st.stm32cube.ide.mcu.externaltools.gnu-tools-for-stm32.9-2020-q2-update.win32_2.0.0.202105311346/tools/bin/../lib/gcc/arm-none-eabi/9.3.1/../../../../arm-none-eabi/lib/thumb/v7-m/nofp\libc_nano.a(lib_a-sbrkr.o)
 .ARM.attributes
                0x0000000000000773       0x2d c:/st/stm32cubeide_1.7.0/stm32cubeide/plugins/com.st.stm32cube.ide.mcu.externaltools.gnu-tools-for-stm32.9-2020-q2-update.win32_2.0.0.202105311346/tools/bin/../lib/gcc/arm-none-eabi/9.3.1/../../../../arm-none-eabi/lib/thumb/v7-m/nofp\libc_nano.a(lib_a-mlock.o)
 .ARM.attributes
                0x00000000000007a0       0x2d c:/st/stm32cubeide_1.7.0/stm32cubeide/plugins/com.st.stm32cube.ide.mcu.externaltools.gnu-tools-for-stm32.9-2020-q2-update.win32_2.0.0.202105311346/tools/bin/../lib/gcc/arm-none-eabi/9.3.1/../../../../arm-none-eabi/lib/thumb/v7-m/nofp\libc_nano.a(lib_a-nano-msizer.o)
 .ARM.attributes
                0x00000000000007cd       0x2d c:/st/stm32cubeide_1.7.0/stm32cubeide/plugins/com.st.stm32cube.ide.mcu.externaltools.gnu-tools-for-stm32.9-2020-q2-update.win32_2.0.0.202105311346/tools/bin/../lib/gcc/arm-none-eabi/9.3.1/../../../../arm-none-eabi/lib/thumb/v7-m/nofp\libc_nano.a(lib_a-reent.o)
 .ARM.attributes
                0x00000000000007fa       0x2d c:/st/stm32cubeide_1.7.0/stm32cubeide/plugins/com.st.stm32cube.ide.mcu.externaltools.gnu-tools-for-stm32.9-2020-q2-update.win32_2.0.0.202105311346/tools/bin/../lib/gcc/arm-none-eabi/9.3.1/../../../../arm-none-eabi/lib/thumb/v7-m/nofp\libc_nano.a(lib_a-lock.o)
 .ARM.attributes
                0x0000000000000827       0x1d c:/st/stm32cubeide_1.7.0/stm32cubeide/plugins/com.st.stm32cube.ide.mcu.externaltools.gnu-tools-for-stm32.9-2020-q2-update.win32_2.0.0.202105311346/tools/bin/../lib/gcc/arm-none-eabi/9.3.1/thumb/v7-m/nofp/crtn.o
OUTPUT(Digital-Keypad-Lock.elf elf32-littlearm)
LOAD linker stubs
LOAD c:/st/stm32cubeide_1.7.0/stm32cubeide/plugins/com.st.stm32cube.ide.mcu.externaltools.gnu-tools-for-stm32.9-2020-q2-update.win32_2.0.0.202105311346/tools/bin/../lib/gcc/arm-none-eabi/9.3.1/../../../../arm-none-eabi/lib/thumb/v7-m/nofp\libc.a
LOAD c:/st/stm32cubeide_1.7.0/stm32cubeide/plugins/com.st.stm32cube.ide.mcu.externaltools.gnu-tools-for-stm32.9-2020-q2-update.win32_2.0.0.202105311346/tools/bin/../lib/gcc/arm-none-eabi/9.3.1/../../../../arm-none-eabi/lib/thumb/v7-m/nofp\libm.a
LOAD c:/st/stm32cubeide_1.7.0/stm32cubeide/plugins/com.st.stm32cube.ide.mcu.externaltools.gnu-tools-for-stm32.9-2020-q2-update.win32_2.0.0.202105311346/tools/bin/../lib/gcc/arm-none-eabi/9.3.1/thumb/v7-m/nofp\libgcc.a

.debug_info     0x0000000000000000    0x1609f
 .debug_info    0x0000000000000000      0xb72 ./Core/Src/global.o
 .debug_info    0x0000000000000b72      0x8b6 ./Core/Src/i2c_lcd.o
 .debug_info    0x0000000000001428      0xb38 ./Core/Src/input_processing.o
 .debug_info    0x0000000000001f60      0xdcd ./Core/Src/keypad.o
 .debug_info    0x0000000000002d2d     0x1421 ./Core/Src/kmp.o
 .debug_info    0x000000000000414e     0x14ff ./Core/Src/main.o
 .debug_info    0x000000000000564d     0x13fe ./Core/Src/output_processing.o
 .debug_info    0x0000000000006a4b      0x37f ./Core/Src/scheduler.o
 .debug_info    0x0000000000006dca     0x16e5 ./Core/Src/state_processing.o
 .debug_info    0x00000000000084af     0x1100 ./Core/Src/stm32f1xx_hal_msp.o
 .debug_info    0x00000000000095af      0xcee ./Core/Src/stm32f1xx_it.o
 .debug_info    0x000000000000a29d      0xa25 ./Core/Src/sysmem.o
 .debug_info    0x000000000000acc2      0x2be ./Core/Src/system_stm32f1xx.o
 .debug_info    0x000000000000af80       0x22 ./Core/Startup/startup_stm32f103c8tx.o
 .debug_info    0x000000000000afa2      0x76a ./Drivers/STM32F1xx_HAL_Driver/Src/stm32f1xx_hal.o
 .debug_info    0x000000000000b70c      0xd52 ./Drivers/STM32F1xx_HAL_Driver/Src/stm32f1xx_hal_adc.o
 .debug_info    0x000000000000c45e      0xaac ./Drivers/STM32F1xx_HAL_Driver/Src/stm32f1xx_hal_adc_ex.o
 .debug_info    0x000000000000cf0a      0xbdc ./Drivers/STM32F1xx_HAL_Driver/Src/stm32f1xx_hal_cortex.o
 .debug_info    0x000000000000dae6      0x823 ./Drivers/STM32F1xx_HAL_Driver/Src/stm32f1xx_hal_dma.o
 .debug_info    0x000000000000e309      0x701 ./Drivers/STM32F1xx_HAL_Driver/Src/stm32f1xx_hal_gpio.o
 .debug_info    0x000000000000ea0a     0x27cb ./Drivers/STM32F1xx_HAL_Driver/Src/stm32f1xx_hal_i2c.o
 .debug_info    0x00000000000111d5      0x893 ./Drivers/STM32F1xx_HAL_Driver/Src/stm32f1xx_hal_rcc.o
 .debug_info    0x0000000000011a68      0x486 ./Drivers/STM32F1xx_HAL_Driver/Src/stm32f1xx_hal_rcc_ex.o
 .debug_info    0x0000000000011eee     0x2c32 ./Drivers/STM32F1xx_HAL_Driver/Src/stm32f1xx_hal_tim.o
 .debug_info    0x0000000000014b20     0x157f ./Drivers/STM32F1xx_HAL_Driver/Src/stm32f1xx_hal_tim_ex.o

.debug_abbrev   0x0000000000000000     0x3161
 .debug_abbrev  0x0000000000000000      0x172 ./Core/Src/global.o
 .debug_abbrev  0x0000000000000172      0x1b2 ./Core/Src/i2c_lcd.o
 .debug_abbrev  0x0000000000000324      0x187 ./Core/Src/input_processing.o
 .debug_abbrev  0x00000000000004ab      0x20f ./Core/Src/keypad.o
 .debug_abbrev  0x00000000000006ba      0x228 ./Core/Src/kmp.o
 .debug_abbrev  0x00000000000008e2      0x278 ./Core/Src/main.o
 .debug_abbrev  0x0000000000000b5a      0x1ef ./Core/Src/output_processing.o
 .debug_abbrev  0x0000000000000d49      0x1a8 ./Core/Src/scheduler.o
 .debug_abbrev  0x0000000000000ef1      0x386 ./Core/Src/state_processing.o
 .debug_abbrev  0x0000000000001277      0x1c8 ./Core/Src/stm32f1xx_hal_msp.o
 .debug_abbrev  0x000000000000143f      0x187 ./Core/Src/stm32f1xx_it.o
 .debug_abbrev  0x00000000000015c6      0x1bf ./Core/Src/sysmem.o
 .debug_abbrev  0x0000000000001785      0x14e ./Core/Src/system_stm32f1xx.o
 .debug_abbrev  0x00000000000018d3       0x12 ./Core/Startup/startup_stm32f103c8tx.o
 .debug_abbrev  0x00000000000018e5      0x1ed ./Drivers/STM32F1xx_HAL_Driver/Src/stm32f1xx_hal.o
 .debug_abbrev  0x0000000000001ad2      0x1fb ./Drivers/STM32F1xx_HAL_Driver/Src/stm32f1xx_hal_adc.o
 .debug_abbrev  0x0000000000001ccd      0x21f ./Drivers/STM32F1xx_HAL_Driver/Src/stm32f1xx_hal_adc_ex.o
 .debug_abbrev  0x0000000000001eec      0x313 ./Drivers/STM32F1xx_HAL_Driver/Src/stm32f1xx_hal_cortex.o
 .debug_abbrev  0x00000000000021ff      0x228 ./Drivers/STM32F1xx_HAL_Driver/Src/stm32f1xx_hal_dma.o
 .debug_abbrev  0x0000000000002427      0x1e8 ./Drivers/STM32F1xx_HAL_Driver/Src/stm32f1xx_hal_gpio.o
 .debug_abbrev  0x000000000000260f      0x288 ./Drivers/STM32F1xx_HAL_Driver/Src/stm32f1xx_hal_i2c.o
 .debug_abbrev  0x0000000000002897      0x273 ./Drivers/STM32F1xx_HAL_Driver/Src/stm32f1xx_hal_rcc.o
 .debug_abbrev  0x0000000000002b0a      0x193 ./Drivers/STM32F1xx_HAL_Driver/Src/stm32f1xx_hal_rcc_ex.o
 .debug_abbrev  0x0000000000002c9d      0x25e ./Drivers/STM32F1xx_HAL_Driver/Src/stm32f1xx_hal_tim.o
 .debug_abbrev  0x0000000000002efb      0x266 ./Drivers/STM32F1xx_HAL_Driver/Src/stm32f1xx_hal_tim_ex.o

.debug_aranges  0x0000000000000000     0x1098
 .debug_aranges
                0x0000000000000000       0x20 ./Core/Src/global.o
 .debug_aranges
                0x0000000000000020       0x50 ./Core/Src/i2c_lcd.o
 .debug_aranges
                0x0000000000000070       0x28 ./Core/Src/input_processing.o
 .debug_aranges
                0x0000000000000098       0x48 ./Core/Src/keypad.o
 .debug_aranges
                0x00000000000000e0       0x28 ./Core/Src/kmp.o
 .debug_aranges
                0x0000000000000108       0x58 ./Core/Src/main.o
 .debug_aranges
                0x0000000000000160       0x48 ./Core/Src/output_processing.o
 .debug_aranges
                0x00000000000001a8       0x40 ./Core/Src/scheduler.o
 .debug_aranges
                0x00000000000001e8       0xa8 ./Core/Src/state_processing.o
 .debug_aranges
                0x0000000000000290       0x50 ./Core/Src/stm32f1xx_hal_msp.o
 .debug_aranges
                0x00000000000002e0       0x80 ./Core/Src/stm32f1xx_it.o
 .debug_aranges
                0x0000000000000360       0x20 ./Core/Src/sysmem.o
 .debug_aranges
                0x0000000000000380       0x28 ./Core/Src/system_stm32f1xx.o
 .debug_aranges
                0x00000000000003a8       0x28 ./Core/Startup/startup_stm32f103c8tx.o
 .debug_aranges
                0x00000000000003d0       0xe0 ./Drivers/STM32F1xx_HAL_Driver/Src/stm32f1xx_hal.o
 .debug_aranges
                0x00000000000004b0       0xf0 ./Drivers/STM32F1xx_HAL_Driver/Src/stm32f1xx_hal_adc.o
 .debug_aranges
                0x00000000000005a0       0x80 ./Drivers/STM32F1xx_HAL_Driver/Src/stm32f1xx_hal_adc_ex.o
 .debug_aranges
                0x0000000000000620      0x100 ./Drivers/STM32F1xx_HAL_Driver/Src/stm32f1xx_hal_cortex.o
 .debug_aranges
                0x0000000000000720       0x80 ./Drivers/STM32F1xx_HAL_Driver/Src/stm32f1xx_hal_dma.o
 .debug_aranges
                0x00000000000007a0       0x58 ./Drivers/STM32F1xx_HAL_Driver/Src/stm32f1xx_hal_gpio.o
 .debug_aranges
                0x00000000000007f8      0x2a8 ./Drivers/STM32F1xx_HAL_Driver/Src/stm32f1xx_hal_i2c.o
 .debug_aranges
                0x0000000000000aa0       0x90 ./Drivers/STM32F1xx_HAL_Driver/Src/stm32f1xx_hal_rcc.o
 .debug_aranges
                0x0000000000000b30       0x30 ./Drivers/STM32F1xx_HAL_Driver/Src/stm32f1xx_hal_rcc_ex.o
 .debug_aranges
                0x0000000000000b60      0x3d0 ./Drivers/STM32F1xx_HAL_Driver/Src/stm32f1xx_hal_tim.o
 .debug_aranges
                0x0000000000000f30      0x168 ./Drivers/STM32F1xx_HAL_Driver/Src/stm32f1xx_hal_tim_ex.o

.debug_ranges   0x0000000000000000      0xf28
 .debug_ranges  0x0000000000000000       0x10 ./Core/Src/global.o
 .debug_ranges  0x0000000000000010       0x40 ./Core/Src/i2c_lcd.o
 .debug_ranges  0x0000000000000050       0x18 ./Core/Src/input_processing.o
 .debug_ranges  0x0000000000000068       0x38 ./Core/Src/keypad.o
 .debug_ranges  0x00000000000000a0       0x18 ./Core/Src/kmp.o
 .debug_ranges  0x00000000000000b8       0x48 ./Core/Src/main.o
 .debug_ranges  0x0000000000000100       0x38 ./Core/Src/output_processing.o
 .debug_ranges  0x0000000000000138       0x30 ./Core/Src/scheduler.o
 .debug_ranges  0x0000000000000168       0x98 ./Core/Src/state_processing.o
 .debug_ranges  0x0000000000000200       0x40 ./Core/Src/stm32f1xx_hal_msp.o
 .debug_ranges  0x0000000000000240       0x70 ./Core/Src/stm32f1xx_it.o
 .debug_ranges  0x00000000000002b0       0x10 ./Core/Src/sysmem.o
 .debug_ranges  0x00000000000002c0       0x18 ./Core/Src/system_stm32f1xx.o
 .debug_ranges  0x00000000000002d8       0x20 ./Core/Startup/startup_stm32f103c8tx.o
 .debug_ranges  0x00000000000002f8       0xd0 ./Drivers/STM32F1xx_HAL_Driver/Src/stm32f1xx_hal.o
 .debug_ranges  0x00000000000003c8       0xe0 ./Drivers/STM32F1xx_HAL_Driver/Src/stm32f1xx_hal_adc.o
 .debug_ranges  0x00000000000004a8       0x70 ./Drivers/STM32F1xx_HAL_Driver/Src/stm32f1xx_hal_adc_ex.o
 .debug_ranges  0x0000000000000518       0xf0 ./Drivers/STM32F1xx_HAL_Driver/Src/stm32f1xx_hal_cortex.o
 .debug_ranges  0x0000000000000608       0x70 ./Drivers/STM32F1xx_HAL_Driver/Src/stm32f1xx_hal_dma.o
 .debug_ranges  0x0000000000000678       0x48 ./Drivers/STM32F1xx_HAL_Driver/Src/stm32f1xx_hal_gpio.o
 .debug_ranges  0x00000000000006c0      0x2b0 ./Drivers/STM32F1xx_HAL_Driver/Src/stm32f1xx_hal_i2c.o
 .debug_ranges  0x0000000000000970       0x80 ./Drivers/STM32F1xx_HAL_Driver/Src/stm32f1xx_hal_rcc.o
 .debug_ranges  0x00000000000009f0       0x20 ./Drivers/STM32F1xx_HAL_Driver/Src/stm32f1xx_hal_rcc_ex.o
 .debug_ranges  0x0000000000000a10      0x3c0 ./Drivers/STM32F1xx_HAL_Driver/Src/stm32f1xx_hal_tim.o
 .debug_ranges  0x0000000000000dd0      0x158 ./Drivers/STM32F1xx_HAL_Driver/Src/stm32f1xx_hal_tim_ex.o

.debug_macro    0x0000000000000000    0x1a088
 .debug_macro   0x0000000000000000      0x1df ./Core/Src/global.o
 .debug_macro   0x00000000000001df      0xa9c ./Core/Src/global.o
 .debug_macro   0x0000000000000c7b      0x221 ./Core/Src/global.o
 .debug_macro   0x0000000000000e9c       0x2e ./Core/Src/global.o
 .debug_macro   0x0000000000000eca       0x22 ./Core/Src/global.o
 .debug_macro   0x0000000000000eec       0x22 ./Core/Src/global.o
 .debug_macro   0x0000000000000f0e       0x8e ./Core/Src/global.o
 .debug_macro   0x0000000000000f9c       0x51 ./Core/Src/global.o
 .debug_macro   0x0000000000000fed      0x103 ./Core/Src/global.o
 .debug_macro   0x00000000000010f0       0x6a ./Core/Src/global.o
 .debug_macro   0x000000000000115a      0x1df ./Core/Src/global.o
 .debug_macro   0x0000000000001339       0x1c ./Core/Src/global.o
 .debug_macro   0x0000000000001355       0x22 ./Core/Src/global.o
 .debug_macro   0x0000000000001377       0xc3 ./Core/Src/global.o
 .debug_macro   0x000000000000143a      0xd23 ./Core/Src/global.o
 .debug_macro   0x000000000000215d     0xe09e ./Core/Src/global.o
 .debug_macro   0x00000000000101fb       0x6d ./Core/Src/global.o
 .debug_macro   0x0000000000010268     0x34a2 ./Core/Src/global.o
 .debug_macro   0x000000000001370a      0x174 ./Core/Src/global.o
 .debug_macro   0x000000000001387e       0x5c ./Core/Src/global.o
 .debug_macro   0x00000000000138da      0x5bc ./Core/Src/global.o
 .debug_macro   0x0000000000013e96      0x289 ./Core/Src/global.o
 .debug_macro   0x000000000001411f      0x1cb ./Core/Src/global.o
 .debug_macro   0x00000000000142ea      0x114 ./Core/Src/global.o
 .debug_macro   0x00000000000143fe      0x1b2 ./Core/Src/global.o
 .debug_macro   0x00000000000145b0       0x27 ./Core/Src/global.o
 .debug_macro   0x00000000000145d7      0x136 ./Core/Src/global.o
 .debug_macro   0x000000000001470d      0x1bc ./Core/Src/global.o
 .debug_macro   0x00000000000148c9       0x34 ./Core/Src/global.o
 .debug_macro   0x00000000000148fd       0x3c ./Core/Src/global.o
 .debug_macro   0x0000000000014939       0x57 ./Core/Src/global.o
 .debug_macro   0x0000000000014990      0x46a ./Core/Src/global.o
 .debug_macro   0x0000000000014dfa      0x1b5 ./Core/Src/global.o
 .debug_macro   0x0000000000014faf       0x87 ./Core/Src/global.o
 .debug_macro   0x0000000000015036      0x240 ./Core/Src/global.o
 .debug_macro   0x0000000000015276      0x287 ./Core/Src/global.o
 .debug_macro   0x00000000000154fd      0x140 ./Core/Src/global.o
 .debug_macro   0x000000000001563d      0x8ed ./Core/Src/global.o
 .debug_macro   0x0000000000015f2a       0x83 ./Core/Src/global.o
 .debug_macro   0x0000000000015fad       0x22 ./Core/Src/global.o
 .debug_macro   0x0000000000015fcf       0xac ./Core/Src/global.o
 .debug_macro   0x000000000001607b      0x1ca ./Core/Src/i2c_lcd.o
 .debug_macro   0x0000000000016245       0xb2 ./Core/Src/i2c_lcd.o
 .debug_macro   0x00000000000162f7      0x1fe ./Core/Src/input_processing.o
 .debug_macro   0x00000000000164f5      0x1f2 ./Core/Src/keypad.o
 .debug_macro   0x00000000000166e7       0xac ./Core/Src/keypad.o
 .debug_macro   0x0000000000016793      0x2b6 ./Core/Src/kmp.o
 .debug_macro   0x0000000000016a49       0x52 ./Core/Src/kmp.o
 .debug_macro   0x0000000000016a9b       0x18 ./Core/Src/kmp.o
 .debug_macro   0x0000000000016ab3       0x3c ./Core/Src/kmp.o
 .debug_macro   0x0000000000016aef       0x34 ./Core/Src/kmp.o
 .debug_macro   0x0000000000016b23       0x16 ./Core/Src/kmp.o
 .debug_macro   0x0000000000016b39       0x43 ./Core/Src/kmp.o
 .debug_macro   0x0000000000016b7c       0x34 ./Core/Src/kmp.o
 .debug_macro   0x0000000000016bb0       0x10 ./Core/Src/kmp.o
 .debug_macro   0x0000000000016bc0       0x58 ./Core/Src/kmp.o
 .debug_macro   0x0000000000016c18       0x71 ./Core/Src/kmp.o
 .debug_macro   0x0000000000016c89       0x1c ./Core/Src/kmp.o
 .debug_macro   0x0000000000016ca5      0x12a ./Core/Src/kmp.o
 .debug_macro   0x0000000000016dcf      0x339 ./Core/Src/kmp.o
 .debug_macro   0x0000000000017108       0x10 ./Core/Src/kmp.o
 .debug_macro   0x0000000000017118       0x35 ./Core/Src/kmp.o
 .debug_macro   0x000000000001714d       0x20 ./Core/Src/kmp.o
 .debug_macro   0x000000000001716d       0xbd ./Core/Src/kmp.o
 .debug_macro   0x000000000001722a       0x56 ./Core/Src/kmp.o
 .debug_macro   0x0000000000017280       0x10 ./Core/Src/kmp.o
 .debug_macro   0x0000000000017290      0x22f ./Core/Src/main.o
 .debug_macro   0x00000000000174bf       0x52 ./Core/Src/main.o
 .debug_macro   0x0000000000017511      0x2be ./Core/Src/output_processing.o
 .debug_macro   0x00000000000177cf      0x333 ./Core/Src/output_processing.o
 .debug_macro   0x0000000000017b02      0x1cf ./Core/Src/scheduler.o
 .debug_macro   0x0000000000017cd1      0x38f ./Core/Src/state_processing.o
 .debug_macro   0x0000000000018060       0x1c ./Core/Src/state_processing.o
 .debug_macro   0x000000000001807c       0x10 ./Core/Src/state_processing.o
 .debug_macro   0x000000000001808c       0x10 ./Core/Src/state_processing.o
 .debug_macro   0x000000000001809c       0x1c ./Core/Src/state_processing.o
 .debug_macro   0x00000000000180b8       0x52 ./Core/Src/state_processing.o
 .debug_macro   0x000000000001810a       0x22 ./Core/Src/state_processing.o
 .debug_macro   0x000000000001812c       0x10 ./Core/Src/state_processing.o
 .debug_macro   0x000000000001813c       0x40 ./Core/Src/state_processing.o
 .debug_macro   0x000000000001817c       0xd5 ./Core/Src/state_processing.o
 .debug_macro   0x0000000000018251       0x1c ./Core/Src/state_processing.o
 .debug_macro   0x000000000001826d       0x3d ./Core/Src/state_processing.o
 .debug_macro   0x00000000000182aa       0x16 ./Core/Src/state_processing.o
 .debug_macro   0x00000000000182c0      0x145 ./Core/Src/state_processing.o
 .debug_macro   0x0000000000018405      0x1c6 ./Core/Src/stm32f1xx_hal_msp.o
 .debug_macro   0x00000000000185cb      0x1d0 ./Core/Src/stm32f1xx_it.o
 .debug_macro   0x000000000001879b       0xff ./Core/Src/sysmem.o
 .debug_macro   0x000000000001889a      0x23b ./Core/Src/sysmem.o
 .debug_macro   0x0000000000018ad5      0x1b7 ./Core/Src/system_stm32f1xx.o
 .debug_macro   0x0000000000018c8c      0x1db ./Drivers/STM32F1xx_HAL_Driver/Src/stm32f1xx_hal.o
 .debug_macro   0x0000000000018e67      0x1d4 ./Drivers/STM32F1xx_HAL_Driver/Src/stm32f1xx_hal_adc.o
 .debug_macro   0x000000000001903b      0x1c9 ./Drivers/STM32F1xx_HAL_Driver/Src/stm32f1xx_hal_adc_ex.o
 .debug_macro   0x0000000000019204      0x1b7 ./Drivers/STM32F1xx_HAL_Driver/Src/stm32f1xx_hal_cortex.o
 .debug_macro   0x00000000000193bb      0x1b7 ./Drivers/STM32F1xx_HAL_Driver/Src/stm32f1xx_hal_dma.o
 .debug_macro   0x0000000000019572      0x222 ./Drivers/STM32F1xx_HAL_Driver/Src/stm32f1xx_hal_gpio.o
 .debug_macro   0x0000000000019794      0x205 ./Drivers/STM32F1xx_HAL_Driver/Src/stm32f1xx_hal_i2c.o
 .debug_macro   0x0000000000019999      0x1c9 ./Drivers/STM32F1xx_HAL_Driver/Src/stm32f1xx_hal_rcc.o
 .debug_macro   0x0000000000019b62      0x1b7 ./Drivers/STM32F1xx_HAL_Driver/Src/stm32f1xx_hal_rcc_ex.o
 .debug_macro   0x0000000000019d19      0x1b8 ./Drivers/STM32F1xx_HAL_Driver/Src/stm32f1xx_hal_tim.o
 .debug_macro   0x0000000000019ed1      0x1b7 ./Drivers/STM32F1xx_HAL_Driver/Src/stm32f1xx_hal_tim_ex.o

.debug_line     0x0000000000000000    0x15560
 .debug_line    0x0000000000000000      0x708 ./Core/Src/global.o
 .debug_line    0x0000000000000708      0x7d6 ./Core/Src/i2c_lcd.o
 .debug_line    0x0000000000000ede      0x76b ./Core/Src/input_processing.o
 .debug_line    0x0000000000001649      0x98c ./Core/Src/keypad.o
 .debug_line    0x0000000000001fd5      0x8c0 ./Core/Src/kmp.o
 .debug_line    0x0000000000002895      0x905 ./Core/Src/main.o
 .debug_line    0x000000000000319a      0x928 ./Core/Src/output_processing.o
 .debug_line    0x0000000000003ac2      0x883 ./Core/Src/scheduler.o
 .debug_line    0x0000000000004345      0xf68 ./Core/Src/state_processing.o
 .debug_line    0x00000000000052ad      0x782 ./Core/Src/stm32f1xx_hal_msp.o
 .debug_line    0x0000000000005a2f      0x7cf ./Core/Src/stm32f1xx_it.o
 .debug_line    0x00000000000061fe      0x4f8 ./Core/Src/sysmem.o
 .debug_line    0x00000000000066f6      0x72b ./Core/Src/system_stm32f1xx.o
 .debug_line    0x0000000000006e21       0x86 ./Core/Startup/startup_stm32f103c8tx.o
 .debug_line    0x0000000000006ea7      0x958 ./Drivers/STM32F1xx_HAL_Driver/Src/stm32f1xx_hal.o
 .debug_line    0x00000000000077ff      0xfdd ./Drivers/STM32F1xx_HAL_Driver/Src/stm32f1xx_hal_adc.o
 .debug_line    0x00000000000087dc      0xd21 ./Drivers/STM32F1xx_HAL_Driver/Src/stm32f1xx_hal_adc_ex.o
 .debug_line    0x00000000000094fd      0xb40 ./Drivers/STM32F1xx_HAL_Driver/Src/stm32f1xx_hal_cortex.o
 .debug_line    0x000000000000a03d      0xdb1 ./Drivers/STM32F1xx_HAL_Driver/Src/stm32f1xx_hal_dma.o
 .debug_line    0x000000000000adee      0x9f1 ./Drivers/STM32F1xx_HAL_Driver/Src/stm32f1xx_hal_gpio.o
 .debug_line    0x000000000000b7df     0x3aee ./Drivers/STM32F1xx_HAL_Driver/Src/stm32f1xx_hal_i2c.o
 .debug_line    0x000000000000f2cd      0xd64 ./Drivers/STM32F1xx_HAL_Driver/Src/stm32f1xx_hal_rcc.o
 .debug_line    0x0000000000010031      0x89f ./Drivers/STM32F1xx_HAL_Driver/Src/stm32f1xx_hal_rcc_ex.o
 .debug_line    0x00000000000108d0     0x33f2 ./Drivers/STM32F1xx_HAL_Driver/Src/stm32f1xx_hal_tim.o
 .debug_line    0x0000000000013cc2     0x189e ./Drivers/STM32F1xx_HAL_Driver/Src/stm32f1xx_hal_tim_ex.o

.debug_str      0x0000000000000000    0x911d8
 .debug_str     0x0000000000000000    0x883a0 ./Core/Src/global.o
                                      0x88772 (size before relaxing)
 .debug_str     0x00000000000883a0      0x306 ./Core/Src/i2c_lcd.o
                                      0x88543 (size before relaxing)
 .debug_str     0x00000000000886a6       0x88 ./Core/Src/input_processing.o
                                      0x88a62 (size before relaxing)
 .debug_str     0x000000000008872e      0x145 ./Core/Src/keypad.o
                                      0x88b3c (size before relaxing)
 .debug_str     0x0000000000088873     0x3220 ./Core/Src/kmp.o
                                      0x8b9d4 (size before relaxing)
 .debug_str     0x000000000008ba93      0x857 ./Core/Src/main.o
                                      0x89348 (size before relaxing)
 .debug_str     0x000000000008c2ea       0x92 ./Core/Src/output_processing.o
                                      0x8bc90 (size before relaxing)
 .debug_str     0x000000000008c37c       0x9e ./Core/Src/scheduler.o
                                      0x88240 (size before relaxing)
 .debug_str     0x000000000008c41a     0x1105 ./Core/Src/state_processing.o
                                      0x8cab5 (size before relaxing)
 .debug_str     0x000000000008d51f      0x33d ./Core/Src/stm32f1xx_hal_msp.o
                                      0x88ccc (size before relaxing)
 .debug_str     0x000000000008d85c       0xf3 ./Core/Src/stm32f1xx_it.o
                                      0x889a7 (size before relaxing)
 .debug_str     0x000000000008d94f      0x4e9 ./Core/Src/sysmem.o
                                       0x629c (size before relaxing)
 .debug_str     0x000000000008de38       0x52 ./Core/Src/system_stm32f1xx.o
                                      0x87e32 (size before relaxing)
 .debug_str     0x000000000008de8a       0x36 ./Core/Startup/startup_stm32f103c8tx.o
                                         0xb0 (size before relaxing)
 .debug_str     0x000000000008dec0      0x304 ./Drivers/STM32F1xx_HAL_Driver/Src/stm32f1xx_hal.o
                                      0x884c3 (size before relaxing)
 .debug_str     0x000000000008e1c4      0x35e ./Drivers/STM32F1xx_HAL_Driver/Src/stm32f1xx_hal_adc.o
                                      0x884c9 (size before relaxing)
 .debug_str     0x000000000008e522      0x2fb ./Drivers/STM32F1xx_HAL_Driver/Src/stm32f1xx_hal_adc_ex.o
                                      0x88477 (size before relaxing)
 .debug_str     0x000000000008e81d      0x300 ./Drivers/STM32F1xx_HAL_Driver/Src/stm32f1xx_hal_cortex.o
                                      0x884cb (size before relaxing)
 .debug_str     0x000000000008eb1d      0x235 ./Drivers/STM32F1xx_HAL_Driver/Src/stm32f1xx_hal_dma.o
                                      0x8820d (size before relaxing)
 .debug_str     0x000000000008ed52      0x31f ./Drivers/STM32F1xx_HAL_Driver/Src/stm32f1xx_hal_gpio.o
                                      0x881f6 (size before relaxing)
 .debug_str     0x000000000008f071      0xb94 ./Drivers/STM32F1xx_HAL_Driver/Src/stm32f1xx_hal_i2c.o
                                      0x88ec1 (size before relaxing)
 .debug_str     0x000000000008fc05      0x244 ./Drivers/STM32F1xx_HAL_Driver/Src/stm32f1xx_hal_rcc.o
                                      0x8822f (size before relaxing)
 .debug_str     0x000000000008fe49       0xb9 ./Drivers/STM32F1xx_HAL_Driver/Src/stm32f1xx_hal_rcc_ex.o
                                      0x87fbc (size before relaxing)
 .debug_str     0x000000000008ff02      0xde8 ./Drivers/STM32F1xx_HAL_Driver/Src/stm32f1xx_hal_tim.o
                                      0x89218 (size before relaxing)
 .debug_str     0x0000000000090cea      0x4ee ./Drivers/STM32F1xx_HAL_Driver/Src/stm32f1xx_hal_tim_ex.o
                                      0x889b9 (size before relaxing)

.comment        0x0000000000000000       0x53
 .comment       0x0000000000000000       0x53 ./Core/Src/global.o
                                         0x54 (size before relaxing)
 .comment       0x0000000000000053       0x54 ./Core/Src/i2c_lcd.o
 .comment       0x0000000000000053       0x54 ./Core/Src/input_processing.o
 .comment       0x0000000000000053       0x54 ./Core/Src/keypad.o
 .comment       0x0000000000000053       0x54 ./Core/Src/kmp.o
 .comment       0x0000000000000053       0x54 ./Core/Src/main.o
 .comment       0x0000000000000053       0x54 ./Core/Src/output_processing.o
 .comment       0x0000000000000053       0x54 ./Core/Src/scheduler.o
 .comment       0x0000000000000053       0x54 ./Core/Src/state_processing.o
 .comment       0x0000000000000053       0x54 ./Core/Src/stm32f1xx_hal_msp.o
 .comment       0x0000000000000053       0x54 ./Core/Src/stm32f1xx_it.o
 .comment       0x0000000000000053       0x54 ./Core/Src/sysmem.o
 .comment       0x0000000000000053       0x54 ./Core/Src/system_stm32f1xx.o
 .comment       0x0000000000000053       0x54 ./Drivers/STM32F1xx_HAL_Driver/Src/stm32f1xx_hal.o
 .comment       0x0000000000000053       0x54 ./Drivers/STM32F1xx_HAL_Driver/Src/stm32f1xx_hal_adc.o
 .comment       0x0000000000000053       0x54 ./Drivers/STM32F1xx_HAL_Driver/Src/stm32f1xx_hal_adc_ex.o
 .comment       0x0000000000000053       0x54 ./Drivers/STM32F1xx_HAL_Driver/Src/stm32f1xx_hal_cortex.o
 .comment       0x0000000000000053       0x54 ./Drivers/STM32F1xx_HAL_Driver/Src/stm32f1xx_hal_dma.o
 .comment       0x0000000000000053       0x54 ./Drivers/STM32F1xx_HAL_Driver/Src/stm32f1xx_hal_gpio.o
 .comment       0x0000000000000053       0x54 ./Drivers/STM32F1xx_HAL_Driver/Src/stm32f1xx_hal_i2c.o
 .comment       0x0000000000000053       0x54 ./Drivers/STM32F1xx_HAL_Driver/Src/stm32f1xx_hal_rcc.o
 .comment       0x0000000000000053       0x54 ./Drivers/STM32F1xx_HAL_Driver/Src/stm32f1xx_hal_rcc_ex.o
 .comment       0x0000000000000053       0x54 ./Drivers/STM32F1xx_HAL_Driver/Src/stm32f1xx_hal_tim.o
 .comment       0x0000000000000053       0x54 ./Drivers/STM32F1xx_HAL_Driver/Src/stm32f1xx_hal_tim_ex.o

.debug_frame    0x0000000000000000     0x4788
 .debug_frame   0x0000000000000000       0x38 ./Core/Src/global.o
 .debug_frame   0x0000000000000038      0x10c ./Core/Src/i2c_lcd.o
 .debug_frame   0x0000000000000144       0x50 ./Core/Src/input_processing.o
 .debug_frame   0x0000000000000194       0xe8 ./Core/Src/keypad.o
 .debug_frame   0x000000000000027c       0x5c ./Core/Src/kmp.o